Component: ARM Compiler 6.14 Tool: armlink [5db06800]

==============================================================================

Section Cross References

    startup_stm32f103xb.o(STACK) refers (Special) to heapauxi.o(.text) for __use_two_region_memory
    startup_stm32f103xb.o(HEAP) refers (Special) to heapauxi.o(.text) for __use_two_region_memory
    startup_stm32f103xb.o(RESET) refers (Special) to heapauxi.o(.text) for __use_two_region_memory
    startup_stm32f103xb.o(RESET) refers to startup_stm32f103xb.o(STACK) for __initial_sp
    startup_stm32f103xb.o(RESET) refers to startup_stm32f103xb.o(.text) for Reset_Handler
    startup_stm32f103xb.o(RESET) refers to stm32f1xx_it.o(.text.NMI_Handler) for NMI_Handler
    startup_stm32f103xb.o(RESET) refers to stm32f1xx_it.o(.text.HardFault_Handler) for HardFault_Handler
    startup_stm32f103xb.o(RESET) refers to stm32f1xx_it.o(.text.MemManage_Handler) for MemManage_Handler
    startup_stm32f103xb.o(RESET) refers to stm32f1xx_it.o(.text.BusFault_Handler) for BusFault_Handler
    startup_stm32f103xb.o(RESET) refers to stm32f1xx_it.o(.text.UsageFault_Handler) for UsageFault_Handler
    startup_stm32f103xb.o(RESET) refers to stm32f1xx_it.o(.text.SVC_Handler) for SVC_Handler
    startup_stm32f103xb.o(RESET) refers to stm32f1xx_it.o(.text.DebugMon_Handler) for DebugMon_Handler
    startup_stm32f103xb.o(RESET) refers to stm32f1xx_it.o(.text.PendSV_Handler) for PendSV_Handler
    startup_stm32f103xb.o(RESET) refers to stm32f1xx_it.o(.text.SysTick_Handler) for SysTick_Handler
    startup_stm32f103xb.o(RESET) refers to stm32f1xx_it.o(.text.DMA1_Channel1_IRQHandler) for DMA1_Channel1_IRQHandler
    startup_stm32f103xb.o(RESET) refers to stm32f1xx_it.o(.text.USB_HP_CAN1_TX_IRQHandler) for USB_HP_CAN1_TX_IRQHandler
    startup_stm32f103xb.o(RESET) refers to stm32f1xx_it.o(.text.USB_LP_CAN1_RX0_IRQHandler) for USB_LP_CAN1_RX0_IRQHandler
    startup_stm32f103xb.o(RESET) refers to stm32f1xx_it.o(.text.EXTI9_5_IRQHandler) for EXTI9_5_IRQHandler
    startup_stm32f103xb.o(RESET) refers to stm32f1xx_it.o(.text.TIM2_IRQHandler) for TIM2_IRQHandler
    startup_stm32f103xb.o(RESET) refers to stm32f1xx_it.o(.text.TIM3_IRQHandler) for TIM3_IRQHandler
    startup_stm32f103xb.o(RESET) refers to stm32f1xx_it.o(.text.EXTI15_10_IRQHandler) for EXTI15_10_IRQHandler
    startup_stm32f103xb.o(.text) refers (Special) to heapauxi.o(.text) for __use_two_region_memory
    startup_stm32f103xb.o(.text) refers to system_stm32f1xx.o(.text.SystemInit) for SystemInit
    startup_stm32f103xb.o(.text) refers to __main.o(!!!main) for __main
    startup_stm32f103xb.o(.text) refers to startup_stm32f103xb.o(HEAP) for Heap_Mem
    startup_stm32f103xb.o(.text) refers to startup_stm32f103xb.o(STACK) for Stack_Mem
    i2c-lcd.o(.text) refers (Special) to _printf_f.o(.ARM.Collect$$_printf_percent$$00000003) for _printf_f
    i2c-lcd.o(.text) refers (Special) to printf1.o(x$fpl$printf1) for _printf_fp_dec
    i2c-lcd.o(.text) refers (Special) to _printf_percent.o(.ARM.Collect$$_printf_percent$$00000000) for _printf_percent
    i2c-lcd.o(.text.HD44780_Init) refers (Special) to _printf_f.o(.ARM.Collect$$_printf_percent$$00000003) for _printf_f
    i2c-lcd.o(.text.HD44780_Init) refers (Special) to printf1.o(x$fpl$printf1) for _printf_fp_dec
    i2c-lcd.o(.text.HD44780_Init) refers (Special) to _printf_percent.o(.ARM.Collect$$_printf_percent$$00000000) for _printf_percent
    i2c-lcd.o(.text.HD44780_Init) refers to i2c-lcd.o(.bss.dpRows) for dpRows
    i2c-lcd.o(.text.HD44780_Init) refers to i2c-lcd.o(.bss.dpBacklight) for dpBacklight
    i2c-lcd.o(.text.HD44780_Init) refers to i2c-lcd.o(.bss.dpFunction) for dpFunction
    i2c-lcd.o(.text.HD44780_Init) refers to i2c-lcd.o(.text.DelayInit) for DelayInit
    i2c-lcd.o(.text.HD44780_Init) refers to stm32f1xx_hal.o(.text.HAL_Delay) for HAL_Delay
    i2c-lcd.o(.text.HD44780_Init) refers to i2c-lcd.o(.text.ExpanderWrite) for ExpanderWrite
    i2c-lcd.o(.text.HD44780_Init) refers to i2c-lcd.o(.text.Write4Bits) for Write4Bits
    i2c-lcd.o(.text.HD44780_Init) refers to i2c-lcd.o(.text.DelayUS) for DelayUS
    i2c-lcd.o(.text.HD44780_Init) refers to i2c-lcd.o(.text.SendCommand) for SendCommand
    i2c-lcd.o(.text.HD44780_Init) refers to i2c-lcd.o(.bss.dpControl) for dpControl
    i2c-lcd.o(.text.HD44780_Init) refers to i2c-lcd.o(.text.HD44780_Display) for HD44780_Display
    i2c-lcd.o(.text.HD44780_Init) refers to i2c-lcd.o(.text.HD44780_Clear) for HD44780_Clear
    i2c-lcd.o(.text.HD44780_Init) refers to i2c-lcd.o(.bss.dpMode) for dpMode
    i2c-lcd.o(.text.HD44780_Init) refers to i2c-lcd.o(.data.special1) for special1
    i2c-lcd.o(.text.HD44780_Init) refers to i2c-lcd.o(.text.HD44780_CreateSpecialChar) for HD44780_CreateSpecialChar
    i2c-lcd.o(.text.HD44780_Init) refers to i2c-lcd.o(.data.special2) for special2
    i2c-lcd.o(.text.HD44780_Init) refers to i2c-lcd.o(.text.HD44780_Home) for HD44780_Home
[...]
    HAL_GPIO_Init                            0x080018ad   Thumb Code   540  stm32f1xx_hal_gpio.o(.text.HAL_GPIO_Init)
    HAL_GPIO_ReadPin                         0x08001ac9   Thumb Code    10  stm32f1xx_hal_gpio.o(.text.HAL_GPIO_ReadPin)
    HAL_GPIO_WritePin                        0x08001ad5   Thumb Code    10  stm32f1xx_hal_gpio.o(.text.HAL_GPIO_WritePin)
    HAL_GetTick                              0x08001ae1   Thumb Code    12  stm32f1xx_hal.o(.text.HAL_GetTick)
    HAL_I2C_Init                             0x08001aed   Thumb Code   398  stm32f1xx_hal_i2c.o(.text.HAL_I2C_Init)
    HAL_I2C_Master_Transmit                  0x08001c7d   Thumb Code   312  stm32f1xx_hal_i2c.o(.text.HAL_I2C_Master_Transmit)
    HAL_I2C_MspInit                          0x08001db5   Thumb Code   104  stm32f1xx_hal_msp.o(.text.HAL_I2C_MspInit)
    HAL_IncTick                              0x08001e1d   Thumb Code    26  stm32f1xx_hal.o(.text.HAL_IncTick)
    HAL_Init                                 0x08001e39   Thumb Code    38  stm32f1xx_hal.o(.text.HAL_Init)
    HAL_InitTick                             0x08001e61   Thumb Code    80  stm32f1xx_hal.o(.text.HAL_InitTick)
    HAL_MspInit                              0x08001eb1   Thumb Code    66  stm32f1xx_hal_msp.o(.text.HAL_MspInit)
    HAL_NVIC_DisableIRQ                      0x08001ef5   Thumb Code     8  stm32f1xx_hal_cortex.o(.text.HAL_NVIC_DisableIRQ)
    HAL_NVIC_EnableIRQ                       0x08001efd   Thumb Code     8  stm32f1xx_hal_cortex.o(.text.HAL_NVIC_EnableIRQ)
    HAL_NVIC_SetPriority                     0x08001f05   Thumb Code    30  stm32f1xx_hal_cortex.o(.text.HAL_NVIC_SetPriority)
    HAL_NVIC_SetPriorityGrouping             0x08001f25   Thumb Code     8  stm32f1xx_hal_cortex.o(.text.HAL_NVIC_SetPriorityGrouping)
    HAL_PCDEx_PMAConfig                      0x08001f2d   Thumb Code    70  stm32f1xx_hal_pcd_ex.o(.text.HAL_PCDEx_PMAConfig)
    HAL_PCDEx_SetConnectionState             0x08001f75   Thumb Code     2  usbd_conf.o(.text.HAL_PCDEx_SetConnectionState)
    HAL_PCD_DataInStageCallback              0x08001f79   Thumb Code    24  usbd_conf.o(.text.HAL_PCD_DataInStageCallback)
    HAL_PCD_DataOutStageCallback             0x08001f91   Thumb Code    26  usbd_conf.o(.text.HAL_PCD_DataOutStageCallback)
    HAL_PCD_EP_Close                         0x08001fad   Thumb Code    74  stm32f1xx_hal_pcd.o(.text.HAL_PCD_EP_Close)
    HAL_PCD_EP_ClrStall                      0x08001ff9   Thumb Code    92  stm32f1xx_hal_pcd.o(.text.HAL_PCD_EP_ClrStall)
    HAL_PCD_EP_GetRxCount                    0x08002465   Thumb Code    18  stm32f1xx_hal_pcd.o(.text.HAL_PCD_EP_GetRxCount)
    HAL_PCD_EP_Open                          0x08002479   Thumb Code    88  stm32f1xx_hal_pcd.o(.text.HAL_PCD_EP_Open)
    HAL_PCD_EP_Receive                       0x080024d1   Thumb Code    50  stm32f1xx_hal_pcd.o(.text.HAL_PCD_EP_Receive)
    HAL_PCD_EP_SetStall                      0x08002505   Thumb Code   106  stm32f1xx_hal_pcd.o(.text.HAL_PCD_EP_SetStall)
    HAL_PCD_EP_Transmit                      0x08002571   Thumb Code    54  stm32f1xx_hal_pcd.o(.text.HAL_PCD_EP_Transmit)
    HAL_PCD_IRQHandler                       0x080025a9   Thumb Code   346  stm32f1xx_hal_pcd.o(.text.HAL_PCD_IRQHandler)
    HAL_PCD_Init                             0x08002705   Thumb Code   198  stm32f1xx_hal_pcd.o(.text.HAL_PCD_Init)
    HAL_PCD_MspInit                          0x080027cd   Thumb Code    84  usbd_conf.o(.text.HAL_PCD_MspInit)
    HAL_PCD_ResetCallback                    0x08002821   Thumb Code    34  usbd_conf.o(.text.HAL_PCD_ResetCallback)
    HAL_PCD_ResumeCallback                   0x08002845   Thumb Code    12  usbd_conf.o(.text.HAL_PCD_ResumeCallback)
    HAL_PCD_SOFCallback                      0x08002851   Thumb Code    12  usbd_conf.o(.text.HAL_PCD_SOFCallback)
    HAL_PCD_SetAddress                       0x0800285d   Thumb Code    38  stm32f1xx_hal_pcd.o(.text.HAL_PCD_SetAddress)
    HAL_PCD_SetupStageCallback               0x08002885   Thumb Code    18  usbd_conf.o(.text.HAL_PCD_SetupStageCallback)
    HAL_PCD_Start                            0x08002899   Thumb Code    50  stm32f1xx_hal_pcd.o(.text.HAL_PCD_Start)
    HAL_PCD_SuspendCallback                  0x080028cd   Thumb Code    38  usbd_conf.o(.text.HAL_PCD_SuspendCallback)
    HAL_RCCEx_GetPeriphCLKFreq               0x080028f5   Thumb Code   244  stm32f1xx_hal_rcc_ex.o(.text.HAL_RCCEx_GetPeriphCLKFreq)
    HAL_RCCEx_PeriphCLKConfig                0x080029e9   Thumb Code   270  stm32f1xx_hal_rcc_ex.o(.text.HAL_RCCEx_PeriphCLKConfig)
    HAL_RCC_ClockConfig                      0x08002af9   Thumb Code   366  stm32f1xx_hal_rcc.o(.text.HAL_RCC_ClockConfig)
    HAL_RCC_GetHCLKFreq                      0x08002c69   Thumb Code    12  stm32f1xx_hal_rcc.o(.text.HAL_RCC_GetHCLKFreq)
    HAL_RCC_GetPCLK1Freq                     0x08002c75   Thumb Code    34  stm32f1xx_hal_rcc.o(.text.HAL_RCC_GetPCLK1Freq)
    HAL_RCC_GetPCLK2Freq                     0x08002c99   Thumb Code    34  stm32f1xx_hal_rcc.o(.text.HAL_RCC_GetPCLK2Freq)
    HAL_RCC_GetSysClockFreq                  0x08002cbd   Thumb Code    96  stm32f1xx_hal_rcc.o(.text.HAL_RCC_GetSysClockFreq)
    HAL_RCC_OscConfig                        0x08002d1d   Thumb Code   788  stm32f1xx_hal_rcc.o(.text.HAL_RCC_OscConfig)
    HAL_SYSTICK_Config                       0x08003031   Thumb Code     8  stm32f1xx_hal_cortex.o(.text.HAL_SYSTICK_Config)
    HAL_TIMEx_BreakCallback                  0x08003039   Thumb Code     2  stm32f1xx_hal_tim_ex.o(.text.HAL_TIMEx_BreakCallback)
    HAL_TIMEx_CommutCallback                 0x0800303d   Thumb Code     2  stm32f1xx_hal_tim_ex.o(.text.HAL_TIMEx_CommutCallback)
    HAL_TIMEx_MasterConfigSynchronization    0x08003041   Thumb Code   118  stm32f1xx_hal_tim_ex.o(.text.HAL_TIMEx_MasterConfigSynchronization)
    HAL_TIM_Base_Init                        0x080030b9   Thumb Code    90  stm32f1xx_hal_tim.o(.text.HAL_TIM_Base_Init)
    HAL_TIM_Base_MspInit                     0x08003115   Thumb Code   108  stm32f1xx_hal_msp.o(.text.HAL_TIM_Base_MspInit)
    HAL_TIM_Base_Start_IT                    0x08003181   Thumb Code   102  stm32f1xx_hal_tim.o(.text.HAL_TIM_Base_Start_IT)
    HAL_TIM_Base_Stop_IT                     0x080031e9   Thumb Code    50  stm32f1xx_hal_tim.o(.text.HAL_TIM_Base_Stop_IT)
    HAL_TIM_ConfigClockSource                0x0800321d   Thumb Code   222  stm32f1xx_hal_tim.o(.text.HAL_TIM_ConfigClockSource)
    HAL_TIM_IC_CaptureCallback               0x080032fd   Thumb Code     2  stm32f1xx_hal_tim.o(.text.HAL_TIM_IC_CaptureCallback)
    HAL_TIM_IRQHandler                       0x08003301   Thumb Code   308  stm32f1xx_hal_tim.o(.text.HAL_TIM_IRQHandler)
    HAL_TIM_OC_DelayElapsedCallback          0x08003435   Thumb Code     2  stm32f1xx_hal_tim.o(.text.HAL_TIM_OC_DelayElapsedCallback)
    HAL_TIM_PWM_PulseFinishedCallback        0x08003439   Thumb Code     2  stm32f1xx_hal_tim.o(.text.HAL_TIM_PWM_PulseFinishedCallback)
    HAL_TIM_PeriodElapsedCallback            0x0800343d   Thumb Code   150  main.o(.text.HAL_TIM_PeriodElapsedCallback)
    HAL_TIM_SlaveConfigSynchro               0x080034d5   Thumb Code    74  stm32f1xx_hal_tim.o(.text.HAL_TIM_SlaveConfigSynchro)
    HAL_TIM_TriggerCallback                  0x08003521   Thumb Code     2  stm32f1xx_hal_tim.o(.text.HAL_TIM_TriggerCallback)
    HD44780_Clear                            0x08003525   Thumb Code    18  i2c-lcd.o(.text.HD44780_Clear)
    HD44780_CreateSpecialChar                0x08003539   Thumb Code    34  i2c-lcd.o(.text.HD44780_CreateSpecialChar)
    HD44780_Display                          0x0800355d   Thumb Code    30  i2c-lcd.o(.text.HD44780_Display)
    HD44780_Home                             0x0800357d   Thumb Code    18  i2c-lcd.o(.text.HD44780_Home)
    HD44780_Init                             0x08003591   Thumb Code   214  i2c-lcd.o(.text.HD44780_Init)
    HD44780_PrintStr                         0x08003669   Thumb Code    28  i2c-lcd.o(.text.HD44780_PrintStr)
    HD44780_SetCursor                        0x08003685   Thumb Code    56  i2c-lcd.o(.text.HD44780_SetCursor)
    HD44780_Value                            0x080036bd   Thumb Code    44  i2c-lcd.o(.text.HD44780_Value)
    HandleButtonMode                         0x080036e9   Thumb Code   160  osc_lib_c.o(.text.HandleButtonMode)
    HandleButtonSetup                        0x08003789   Thumb Code   100  osc_lib_c.o(.text.HandleButtonSetup)
    HandleButtonStart                        0x080037ed   Thumb Code   134  osc_lib_c.o(.text.HandleButtonStart)
    HandleError                              0x08003875   Thumb Code   172  main.o(.text.HandleError)
    HandleMode                               0x08003921   Thumb Code   134  osc_lib_c.o(.text.HandleMode)
    HandleSetup                              0x080039a9   Thumb Code    40  osc_lib_c.o(.text.HandleSetup)
    HandleStart                              0x080039d1   Thumb Code   448  main.o(.text.HandleStart)
    HandleStop                               0x08003b91   Thumb Code   130  osc_lib_c.o(.text.HandleStop)
    HardFault_Handler                        0x08003c15   Thumb Code     2  stm32f1xx_it.o(.text.HardFault_Handler)
    MX_USB_DEVICE_Init                       0x08004265   Thumb Code   110  usb_device.o(.text.MX_USB_DEVICE_Init)
    MemManage_Handler                        0x080042d5   Thumb Code     2  stm32f1xx_it.o(.text.MemManage_Handler)
    NMI_Handler                              0x080042d9   Thumb Code     2  stm32f1xx_it.o(.text.NMI_Handler)
    OSC_Init                                 0x08004309   Thumb Code    72  osc_lib_c.o(.text.OSC_Init)
    PendSV_Handler                           0x080046e5   Thumb Code     2  stm32f1xx_it.o(.text.PendSV_Handler)
    SVC_Handler                              0x08004739   Thumb Code     2  stm32f1xx_it.o(.text.SVC_Handler)
    SysTick_Handler                          0x080047a1   Thumb Code     8  stm32f1xx_it.o(.text.SysTick_Handler)
    SystemClock_Config                       0x080047a9   Thumb Code   128  main.o(.text.SystemClock_Config)
    SystemInit                               0x08004829   Thumb Code     2  system_stm32f1xx.o(.text.SystemInit)
    TIM2_IRQHandler                          0x0800482d   Thumb Code    16  stm32f1xx_it.o(.text.TIM2_IRQHandler)
    TIM3_IRQHandler                          0x0800483d   Thumb Code    16  stm32f1xx_it.o(.text.TIM3_IRQHandler)
    TIM_Base_SetConfig                       0x0800484d   Thumb Code   154  stm32f1xx_hal_tim.o(.text.TIM_Base_SetConfig)
    TIM_ETR_SetConfig                        0x080048e9   Thumb Code    22  stm32f1xx_hal_tim.o(.text.TIM_ETR_SetConfig)
    USBD_CDC_GetDeviceQualifierDescriptor    0x08004add   Thumb Code    16  usbd_cdc.o(.text.USBD_CDC_GetDeviceQualifierDescriptor)
    USBD_CDC_ReceivePacket                   0x08004ba1   Thumb Code    42  usbd_cdc.o(.text.USBD_CDC_ReceivePacket)
    USBD_CDC_RegisterInterface               0x08004bcd   Thumb Code    14  usbd_cdc.o(.text.USBD_CDC_RegisterInterface)
    USBD_CDC_SetRxBuffer                     0x08004bdd   Thumb Code    12  usbd_cdc.o(.text.USBD_CDC_SetRxBuffer)
    USBD_CDC_SetTxBuffer                     0x08004be9   Thumb Code    16  usbd_cdc.o(.text.USBD_CDC_SetTxBuffer)
    USBD_CDC_TransmitPacket                  0x08004ced   Thumb Code    56  usbd_cdc.o(.text.USBD_CDC_TransmitPacket)
    USBD_ClrClassConfig                      0x08004d25   Thumb Code    14  usbd_core.o(.text.USBD_ClrClassConfig)
    USBD_CtlContinueRx                       0x08004d5d   Thumb Code    16  usbd_ioreq.o(.text.USBD_CtlContinueRx)
    USBD_CtlContinueSendData                 0x08004d6d   Thumb Code    16  usbd_ioreq.o(.text.USBD_CtlContinueSendData)
    USBD_CtlError                            0x08004d7d   Thumb Code    20  usbd_ctlreq.o(.text.USBD_CtlError)
    USBD_CtlPrepareRx                        0x08004d91   Thumb Code    26  usbd_ioreq.o(.text.USBD_CtlPrepareRx)
    USBD_CtlReceiveStatus                    0x08004dad   Thumb Code    22  usbd_ioreq.o(.text.USBD_CtlReceiveStatus)
    USBD_CtlSendData                         0x08004dc5   Thumb Code    26  usbd_ioreq.o(.text.USBD_CtlSendData)
    USBD_CtlSendStatus                       0x08004de1   Thumb Code    22  usbd_ioreq.o(.text.USBD_CtlSendStatus)
    USBD_FS_ConfigStrDescriptor              0x08004df9   Thumb Code    36  usbd_desc.o(.text.USBD_FS_ConfigStrDescriptor)
    USBD_FS_DeviceDescriptor                 0x08004e1d   Thumb Code    14  usbd_desc.o(.text.USBD_FS_DeviceDescriptor)
    USBD_FS_InterfaceStrDescriptor           0x08004e2d   Thumb Code    40  usbd_desc.o(.text.USBD_FS_InterfaceStrDescriptor)
    USBD_FS_LangIDStrDescriptor              0x08004e55   Thumb Code    14  usbd_desc.o(.text.USBD_FS_LangIDStrDescriptor)
    USBD_FS_ManufacturerStrDescriptor        0x08004e65   Thumb Code    44  usbd_desc.o(.text.USBD_FS_ManufacturerStrDescriptor)
    USBD_FS_ProductStrDescriptor             0x08004e91   Thumb Code    48  usbd_desc.o(.text.USBD_FS_ProductStrDescriptor)
    USBD_FS_SerialStrDescriptor              0x08004ec1   Thumb Code    20  usbd_desc.o(.text.USBD_FS_SerialStrDescriptor)
    USBD_GetString                           0x08005055   Thumb Code    68  usbd_ctlreq.o(.text.USBD_GetString)
    USBD_Init                                0x080050b5   Thumb Code    48  usbd_core.o(.text.USBD_Init)
    USBD_LL_ClearStallEP                     0x080050e5   Thumb Code    16  usbd_conf.o(.text.USBD_LL_ClearStallEP)
    USBD_LL_CloseEP                          0x080050f5   Thumb Code    16  usbd_conf.o(.text.USBD_LL_CloseEP)
    USBD_LL_DataInStage                      0x08005105   Thumb Code   194  usbd_core.o(.text.USBD_LL_DataInStage)
    USBD_LL_DataOutStage                     0x080051c9   Thumb Code   134  usbd_core.o(.text.USBD_LL_DataOutStage)
    USBD_LL_GetRxDataSize                    0x08005251   Thumb Code    12  usbd_conf.o(.text.USBD_LL_GetRxDataSize)
    USBD_LL_Init                             0x0800525d   Thumb Code   134  usbd_conf.o(.text.USBD_LL_Init)
    USBD_LL_IsStallEP                        0x080052e5   Thumb Code    32  usbd_conf.o(.text.USBD_LL_IsStallEP)
    USBD_LL_OpenEP                           0x08005305   Thumb Code    22  usbd_conf.o(.text.USBD_LL_OpenEP)
    USBD_LL_PrepareReceive                   0x0800531d   Thumb Code    16  usbd_conf.o(.text.USBD_LL_PrepareReceive)
    USBD_LL_Reset                            0x0800532d   Thumb Code    84  usbd_core.o(.text.USBD_LL_Reset)
    USBD_LL_Resume                           0x08005381   Thumb Code    20  usbd_core.o(.text.USBD_LL_Resume)
    USBD_LL_SOF                              0x08005395   Thumb Code    26  usbd_core.o(.text.USBD_LL_SOF)
    USBD_LL_SetSpeed                         0x080053b1   Thumb Code     8  usbd_core.o(.text.USBD_LL_SetSpeed)
    USBD_LL_SetUSBAddress                    0x080053b9   Thumb Code    16  usbd_conf.o(.text.USBD_LL_SetUSBAddress)
    USBD_LL_SetupStage                       0x080053c9   Thumb Code    96  usbd_core.o(.text.USBD_LL_SetupStage)
    USBD_LL_StallEP                          0x08005429   Thumb Code    16  usbd_conf.o(.text.USBD_LL_StallEP)
    USBD_LL_Start                            0x08005439   Thumb Code    16  usbd_conf.o(.text.USBD_LL_Start)
    USBD_LL_Suspend                          0x08005449   Thumb Code    20  usbd_core.o(.text.USBD_LL_Suspend)
    USBD_LL_Transmit                         0x0800545d   Thumb Code    16  usbd_conf.o(.text.USBD_LL_Transmit)
    USBD_ParseSetupRequest                   0x0800546d   Thumb Code    22  usbd_ctlreq.o(.text.USBD_ParseSetupRequest)
    USBD_RegisterClass                       0x08005485   Thumb Code    14  usbd_core.o(.text.USBD_RegisterClass)
    USBD_SetClassConfig                      0x080054dd   Thumb Code    26  usbd_core.o(.text.USBD_SetClassConfig)
    USBD_Start                               0x08005599   Thumb Code    10  usbd_core.o(.text.USBD_Start)
    USBD_StdDevReq                           0x080055a5   Thumb Code   114  usbd_ctlreq.o(.text.USBD_StdDevReq)
    USBD_StdEPReq                            0x08005619   Thumb Code   348  usbd_ctlreq.o(.text.USBD_StdEPReq)
    USBD_StdItfReq                           0x08005775   Thumb Code    92  usbd_ctlreq.o(.text.USBD_StdItfReq)
    USBD_static_free                         0x080057d1   Thumb Code     2  usbd_conf.o(.text.USBD_static_free)
    USBD_static_malloc                       0x080057d5   Thumb Code    10  usbd_conf.o(.text.USBD_static_malloc)
    USB_ActivateEndpoint                     0x080057e1   Thumb Code   560  stm32f1xx_ll_usb.o(.text.USB_ActivateEndpoint)
    USB_CoreInit                             0x08005a11   Thumb Code     4  stm32f1xx_ll_usb.o(.text.USB_CoreInit)
    USB_DeactivateEndpoint                   0x08005a15   Thumb Code   260  stm32f1xx_ll_usb.o(.text.USB_DeactivateEndpoint)
    USB_DevConnect                           0x08005b19   Thumb Code     4  stm32f1xx_ll_usb.o(.text.USB_DevConnect)
    USB_DevDisconnect                        0x08005b1d   Thumb Code     4  stm32f1xx_ll_usb.o(.text.USB_DevDisconnect)
    USB_DevInit                              0x08005b21   Thumb Code    26  stm32f1xx_ll_usb.o(.text.USB_DevInit)
    USB_DisableGlobalInt                     0x08005b3d   Thumb Code    20  stm32f1xx_ll_usb.o(.text.USB_DisableGlobalInt)
    USB_EP0_OutStart                         0x08005b51   Thumb Code     4  stm32f1xx_ll_usb.o(.text.USB_EP0_OutStart)
    USB_EPClearStall                         0x08005b55   Thumb Code   126  stm32f1xx_ll_usb.o(.text.USB_EPClearStall)
    USB_EPSetStall                           0x08005bd5   Thumb Code    50  stm32f1xx_ll_usb.o(.text.USB_EPSetStall)
    USB_EPStartXfer                          0x08005c09   Thumb Code  1604  stm32f1xx_ll_usb.o(.text.USB_EPStartXfer)
    USB_EnableGlobalInt                      0x0800624d   Thumb Code    20  stm32f1xx_ll_usb.o(.text.USB_EnableGlobalInt)
    USB_HP_CAN1_TX_IRQHandler                0x08006261   Thumb Code    16  stm32f1xx_it.o(.text.USB_HP_CAN1_TX_IRQHandler)
    USB_LP_CAN1_RX0_IRQHandler               0x08006271   Thumb Code    16  stm32f1xx_it.o(.text.USB_LP_CAN1_RX0_IRQHandler)
    USB_ReadInterrupts                       0x08006281   Thumb Code     6  stm32f1xx_ll_usb.o(.text.USB_ReadInterrupts)
    USB_ReadPMA                              0x08006289   Thumb Code    50  stm32f1xx_ll_usb.o(.text.USB_ReadPMA)
    USB_SetCurrentMode                       0x080062bd   Thumb Code     4  stm32f1xx_ll_usb.o(.text.USB_SetCurrentMode)
    USB_SetDevAddress                        0x080062c1   Thumb Code    14  stm32f1xx_ll_usb.o(.text.USB_SetDevAddress)
    USB_WritePMA                             0x080062d1   Thumb Code    42  stm32f1xx_ll_usb.o(.text.USB_WritePMA)
    UpdateACValues                           0x080062fd   Thumb Code    40  osc_lib_c.o(.text.UpdateACValues)
    UpdateDCValues                           0x08006325   Thumb Code    26  osc_lib_c.o(.text.UpdateDCValues)
    UpdateLCDStartAC                         0x08006341   Thumb Code    48  osc_lib_c.o(.text.UpdateLCDStartAC)
    UpdateLCDStartDC                         0x08006371   Thumb Code    28  osc_lib_c.o(.text.UpdateLCDStartDC)
    UpdateLCDStopAC                          0x0800638d   Thumb Code    84  osc_lib_c.o(.text.UpdateLCDStopAC)
    UpdateLCDStopDC                          0x080063e1   Thumb Code    50  osc_lib_c.o(.text.UpdateLCDStopDC)
    UpdateRangeDisplay                       0x08006415   Thumb Code    90  osc_lib_c.o(.text.UpdateRangeDisplay)
    UsageFault_Handler                       0x08006471   Thumb Code     2  stm32f1xx_it.o(.text.UsageFault_Handler)
    ValueDc                                  0x08006475   Thumb Code   108  osc_lib_c.o(.text.ValueDc)
    ValueFreq                                0x080064e1   Thumb Code    84  osc_lib_c.o(.text.ValueFreq)
    ValueVac                                 0x08006535   Thumb Code   132  osc_lib_c.o(.text.ValueVac)
    ValueVpp                                 0x080065b9   Thumb Code    32  osc_lib_c.o(.text.ValueVpp)
    main                                     0x08006685   Thumb Code   330  main.o(.text.main)
    performMode                              0x080067d1   Thumb Code    36  osc_lib_c.o(.text.performMode)
    performModeAc                            0x080067f5   Thumb Code    32  osc_lib_c.o(.text.performModeAc)
    performModeDc                            0x08006815   Thumb Code    32  osc_lib_c.o(.text.performModeDc)
    performModeUnkown                        0x08006835   Thumb Code    40  osc_lib_c.o(.text.performModeUnkown)
    performSetup                             0x0800685d   Thumb Code    36  osc_lib_c.o(.text.performSetup)
    performStart                             0x08006881   Thumb Code    36  osc_lib_c.o(.text.performStart)
    performStop                              0x080068a5   Thumb Code    36  osc_lib_c.o(.text.performStop)
    performUnkown                            0x080068c9   Thumb Code    36  osc_lib_c.o(.text.performUnkown)
    _btod_d2e                                0x080068ed   Thumb Code    62  btod.o(CL$$btod_d2e)
    _d2e_denorm_low                          0x0800692b   Thumb Code    70  btod.o(CL$$btod_d2e_denorm_low)
    _d2e_norm_op1                            0x08006971   Thumb Code    96  btod.o(CL$$btod_d2e_norm_op1)
    __btod_div_common                        0x080069d1   Thumb Code   696  btod.o(CL$$btod_div_common)
    _e2e                                     0x08006d09   Thumb Code   220  btod.o(CL$$btod_e2e)
    _btod_ediv                               0x08006de5   Thumb Code    42  btod.o(CL$$btod_ediv)
    _btod_emul                               0x08006e0f   Thumb Code    42  btod.o(CL$$btod_emul)
    __btod_mult_common                       0x08006e39   Thumb Code   580  btod.o(CL$$btod_mult_common)
    __ARM_fpclassify                         0x0800707d   Thumb Code    40  fpclassify.o(i.__ARM_fpclassify)
    _is_digit                                0x080070a5   Thumb Code    14  __printf_wp.o(i._is_digit)
    _get_lc_numeric                          0x080070b5   Thumb Code    44  lc_numeric_c.o(locale$$code)
    __aeabi_d2f                              0x080070e1   Thumb Code     0  d2f.o(x$fpl$d2f)
    _d2f                                     0x080070e1   Thumb Code    98  d2f.o(x$fpl$d2f)
    __aeabi_dadd                             0x08007145   Thumb Code     0  daddsub_clz.o(x$fpl$dadd)
    _dadd                                    0x08007145   Thumb Code   332  daddsub_clz.o(x$fpl$dadd)
    __aeabi_ddiv                             0x08007295   Thumb Code     0  ddiv.o(x$fpl$ddiv)
    _ddiv                                    0x08007295   Thumb Code   552  ddiv.o(x$fpl$ddiv)
    __aeabi_ui2d                             0x08007545   Thumb Code     0  dflt_clz.o(x$fpl$dfltu)
    _dfltu                                   0x08007545   Thumb Code    38  dflt_clz.o(x$fpl$dfltu)
    __aeabi_dmul                             0x0800756d   Thumb Code     0  dmul.o(x$fpl$dmul)
    _dmul                                    0x0800756d   Thumb Code   332  dmul.o(x$fpl$dmul)
    __fpl_dnaninf                            0x080076c1   Thumb Code   156  dnaninf.o(x$fpl$dnaninf)
    __fpl_dretinf                            0x0800775d   Thumb Code    12  dretinf.o(x$fpl$dretinf)
    __aeabi_dsub                             0x08007769   Thumb Code     0  daddsub_clz.o(x$fpl$dsub)
    _dsub                                    0x08007769   Thumb Code   464  daddsub_clz.o(x$fpl$dsub)
    __aeabi_f2d                              0x0800793d   Thumb Code     0  f2d.o(x$fpl$f2d)
    _f2d                                     0x0800793d   Thumb Code    86  f2d.o(x$fpl$f2d)
    __aeabi_fadd                             0x08007995   Thumb Code     0  faddsub_clz.o(x$fpl$fadd)
    _fadd                                    0x08007995   Thumb Code   196  faddsub_clz.o(x$fpl$fadd)
    __aeabi_fcmpeq                           0x08007a59   Thumb Code     0  fcmp.o(x$fpl$fcmp)
    _feq                                     0x08007a59   Thumb Code    14  fcmp.o(x$fpl$fcmp)
    _fneq                                    0x08007a67   Thumb Code    14  fcmp.o(x$fpl$fcmp)
    __aeabi_fcmpgt                           0x08007a75   Thumb Code     0  fcmp.o(x$fpl$fcmp)
    _fgr                                     0x08007a75   Thumb Code    14  fcmp.o(x$fpl$fcmp)
    __aeabi_fcmpge                           0x08007a83   Thumb Code     0  fcmp.o(x$fpl$fcmp)
    _fgeq                                    0x08007a83   Thumb Code    14  fcmp.o(x$fpl$fcmp)
    __aeabi_fcmple                           0x08007a91   Thumb Code     0  fcmp.o(x$fpl$fcmp)
    _fleq                                    0x08007a91   Thumb Code    14  fcmp.o(x$fpl$fcmp)
    __aeabi_fcmplt                           0x08007a9f   Thumb Code     0  fcmp.o(x$fpl$fcmp)
    _fls                                     0x08007a9f   Thumb Code    14  fcmp.o(x$fpl$fcmp)
    __fpl_fcmp_Inf                           0x08007aad   Thumb Code    24  fcmpi.o(x$fpl$fcmpinf)
    __aeabi_cfcmpeq                          0x08007ac5   Thumb Code     0  feqf.o(x$fpl$feqf)
    _fcmpeq                                  0x08007ac5   Thumb Code   104  feqf.o(x$fpl$feqf)
    __aeabi_ui2f                             0x08007b2d   Thumb Code     0  fflt_clz.o(x$fpl$ffltu)
    _ffltu                                   0x08007b2d   Thumb Code    38  fflt_clz.o(x$fpl$ffltu)
    _fcmpge                                  0x08007b55   Thumb Code   104  fgeqf.o(x$fpl$fgeqf)
    __aeabi_cfcmple                          0x08007bbd   Thumb Code     0  fleqf.o(x$fpl$fleqf)
    _fcmple                                  0x08007bbd   Thumb Code   104  fleqf.o(x$fpl$fleqf)
    __fpl_fcmple_InfNaN                      0x08007c0f   Thumb Code     0  fleqf.o(x$fpl$fleqf)
    __fpl_fnaninf                            0x08007c25   Thumb Code   140  fnaninf.o(x$fpl$fnaninf)
    __fpl_fretinf                            0x08007cb1   Thumb Code    10  fretinf.o(x$fpl$fretinf)
    __aeabi_fsub                             0x08007cbd   Thumb Code     0  faddsub_clz.o(x$fpl$fsub)
    _fsub                                    0x08007cbd   Thumb Code   234  faddsub_clz.o(x$fpl$fsub)
    _printf_fp_dec                           0x08007da7   Thumb Code     4  printf1.o(x$fpl$printf1)
    __I$use$fp                               0x08007daa   Number         0  usenofp.o(x$fpl$usenofp)
    AHBPrescTable                            0x08007e40   Data          16  system_stm32f1xx.o(.rodata.AHBPrescTable)
    APBPrescTable                            0x08007e50   Data           8  system_stm32f1xx.o(.rodata.APBPrescTable)
    Region$$Table$$Base                      0x08007e90   Number         0  anon$$obj.o(Region$$Table)
    Region$$Table$$Limit                     0x08007eb0   Number         0  anon$$obj.o(Region$$Table)
    FS_Desc                                  0x20000000   Data          28  usbd_desc.o(.data.FS_Desc)
    SystemCoreClock                          0x2000001c   Data           4  system_stm32f1xx.o(.data.SystemCoreClock)
    USBD_CDC                                 0x20000020   Data          56  usbd_cdc.o(.data.USBD_CDC)
    USBD_CDC_CfgFSDesc                       0x20000058   Data          67  usbd_cdc.o(.data.USBD_CDC_CfgFSDesc)
    USBD_CDC_CfgHSDesc                       0x2000009c   Data          67  usbd_cdc.o(.data.USBD_CDC_CfgHSDesc)
    USBD_CDC_OtherSpeedCfgDesc               0x200000ec   Data          67  usbd_cdc.o(.data.USBD_CDC_OtherSpeedCfgDesc)
    USBD_FS_DeviceDesc                       0x20000130   Data          18  usbd_desc.o(.data.USBD_FS_DeviceDesc)
    USBD_Interface_fops_FS                   0x20000144   Data          16  usbd_cdc_if.o(.data.USBD_Interface_fops_FS)
    USBD_LangIDDesc                          0x20000154   Data           4  usbd_desc.o(.data.USBD_LangIDDesc)
    USBD_StringSerial                        0x20000158   Data          26  usbd_desc.o(.data.USBD_StringSerial)
    VALUE                                    0x20000174   Data          40  main.o(.data.VALUE)
    special1                                 0x2000019c   Data           8  i2c-lcd.o(.data.special1)
    special2                                 0x200001a4   Data           8  i2c-lcd.o(.data.special2)
    uwTickFreq                               0x200001ac   Data           1  stm32f1xx_hal.o(.data.uwTickFreq)
    uwTickPrio                               0x200001b0   Data           4  stm32f1xx_hal.o(.data.uwTickPrio)
    __libspace_start                         0x200001b8   Data          96  libspace.o(.bss)
    FLAG                                     0x20000218   Data           2  main.o(.bss.FLAG)
    __temporary_stack_top$libspace           0x20000218   Data           0  libspace.o(.bss)
    OSC_Buf                                  0x2000021a   Data        2000  main.o(.bss.OSC_Buf)
    TEMP                                     0x200009ec   Data          28  main.o(.bss.TEMP)
    USBD_StrDesc                             0x20000a0c   Data         512  usbd_desc.o(.bss.USBD_StrDesc)
    UserRxBufferFS                           0x20000e2c   Data          64  usbd_cdc_if.o(.bss.UserRxBufferFS)
    UserTxBufferFS                           0x20000e6c   Data          64  usbd_cdc_if.o(.bss.UserTxBufferFS)
    dpBacklight                              0x20000eac   Data           1  i2c-lcd.o(.bss.dpBacklight)
    dpControl                                0x20000ead   Data           1  i2c-lcd.o(.bss.dpControl)
    dpFunction                               0x20000eae   Data           1  i2c-lcd.o(.bss.dpFunction)
    dpMode                                   0x20000eaf   Data           1  i2c-lcd.o(.bss.dpMode)
    dpRows                                   0x20000eb0   Data           1  i2c-lcd.o(.bss.dpRows)
    hUsbDeviceFS                             0x20000eb4   Data         708  usb_device.o(.bss.hUsbDeviceFS)
    hadc1                                    0x20001178   Data          48  main.o(.bss.hadc1)
    hadc2                                    0x200011a8   Data          48  main.o(.bss.hadc2)
    hdma_adc1                                0x200011d8   Data          68  main.o(.bss.hdma_adc1)
    hi2c1                                    0x2000121c   Data          84  main.o(.bss.hi2c1)
    hpcd_USB_FS                              0x20001270   Data         728  usbd_conf.o(.bss.hpcd_USB_FS)
    htim2                                    0x20001548   Data          72  main.o(.bss.htim2)
    htim3                                    0x20001590   Data          72  main.o(.bss.htim3)
    status                                   0x200015d8   Data           1  main.o(.bss.status)
    uwTick                                   0x200015dc   Data           4  stm32f1xx_hal.o(.bss.uwTick)



==============================================================================

Memory Map of the image

  Image Entry point : 0x080000ed

  Load Region LR_IROM1 (Base: 0x08000000, Size: 0x00008088, Max: 0x00010000, ABSOLUTE, COMPRESSED[0x00007fa8])

    Execution Region ER_IROM1 (Exec base: 0x08000000, Load base: 0x08000000, Size: 0x00007ecc, Max: 0x00010000, ABSOLUTE)

    Exec Addr    Load Addr    Size         Type   Attr      Idx    E Section Name        Object

    0x08000000   0x08000000   0x000000ec   Data   RO            3    RESET               startup_stm32f103xb.o
    0x080000ec   0x080000ec   0x00000008   Code   RO         1764  * !!!main             c_w.l(__main.o)
    0x080000f4   0x080000f4   0x00000034   Code   RO         2046    !!!scatter          c_w.l(__scatter.o)
    0x08000128   0x08000128   0x0000005a   Code   RO         2044    !!dczerorl2         c_w.l(__dczerorl2.o)
    0x08000182   0x08000182   0x00000002   PAD
    0x08000184   0x08000184   0x0000001c   Code   RO         2048    !!handler_zi        c_w.l(__scatter_zi.o)
    0x080001a0   0x080001a0   0x00000000   Code   RO         1759    .ARM.Collect$$_printf_percent$$00000000  c_w.l(_printf_percent.o)
    0x080001a0   0x080001a0   0x00000006   Code   RO         1758    .ARM.Collect$$_printf_percent$$00000003  c_w.l(_printf_f.o)
    0x080001a6   0x080001a6   0x00000004   Code   RO         1815    .ARM.Collect$$_printf_percent$$00000017  c_w.l(_printf_percent_end.o)
    0x080001aa   0x080001aa   0x00000002   Code   RO         1909    .ARM.Collect$$libinit$$00000000  c_w.l(libinit.o)
    0x080001ac   0x080001ac   0x00000000   Code   RO         1911    .ARM.Collect$$libinit$$00000002  c_w.l(libinit2.o)
    0x080001ac   0x080001ac   0x00000000   Code   RO         1913    .ARM.Collect$$libinit$$00000004  c_w.l(libinit2.o)
    0x080001ac   0x080001ac   0x00000000   Code   RO         1916    .ARM.Collect$$libinit$$0000000A  c_w.l(libinit2.o)
    0x080001ac   0x080001ac   0x00000000   Code   RO         1918    .ARM.Collect$$libinit$$0000000C  c_w.l(libinit2.o)
    0x080001ac   0x080001ac   0x00000000   Code   RO         1920    .ARM.Collect$$libinit$$0000000E  c_w.l(libinit2.o)
    0x080001ac   0x080001ac   0x00000006   Code   RO         1921    .ARM.Collect$$libinit$$0000000F  c_w.l(libinit2.o)
    0x080001b2   0x080001b2   0x00000000   Code   RO         1923    .ARM.Collect$$libinit$$00000011  c_w.l(libinit2.o)
    0x080001b2   0x080001b2   0x00000000   Code   RO         1925    .ARM.Collect$$libinit$$00000013  c_w.l(libinit2.o)
    0x080001b2   0x080001b2   0x00000000   Code   RO         1927    .ARM.Collect$$libinit$$00000015  c_w.l(libinit2.o)
    0x080001b2   0x080001b2   0x0000000a   Code   RO         1928    .ARM.Collect$$libinit$$00000016  c_w.l(libinit2.o)
    0x080001bc   0x080001bc   0x00000000   Code   RO         1929    .ARM.Collect$$libinit$$00000017  c_w.l(libinit2.o)
    0x080001bc   0x080001bc   0x00000000   Code   RO         1931    .ARM.Collect$$libinit$$00000019  c_w.l(libinit2.o)
    0x080001bc   0x080001bc   0x00000000   Code   RO         1933    .ARM.Collect$$libinit$$0000001B  c_w.l(libinit2.o)
    0x080001bc   0x080001bc   0x00000000   Code   RO         1935    .ARM.Collect$$libinit$$0000001D  c_w.l(libinit2.o)
    0x080001bc   0x080001bc   0x00000000   Code   RO         1937    .ARM.Collect$$libinit$$0000001F  c_w.l(libinit2.o)
    0x080001bc   0x080001bc   0x00000000   Code   RO         1939    .ARM.Collect$$libinit$$00000021  c_w.l(libinit2.o)
    0x080001bc   0x080001bc   0x00000000   Code   RO         1941    .ARM.Collect$$libinit$$00000023  c_w.l(libinit2.o)
    0x080001bc   0x080001bc   0x00000000   Code   RO         1943    .ARM.Collect$$libinit$$00000025  c_w.l(libinit2.o)
    0x080001bc   0x080001bc   0x00000000   Code   RO         1947    .ARM.Collect$$libinit$$0000002C  c_w.l(libinit2.o)
    0x080001bc   0x080001bc   0x00000000   Code   RO         1949    .ARM.Collect$$libinit$$0000002E  c_w.l(libinit2.o)
    0x080001bc   0x080001bc   0x00000000   Code   RO         1951    .ARM.Collect$$libinit$$00000030  c_w.l(libinit2.o)
    0x080001bc   0x080001bc   0x00000000   Code   RO         1953    .ARM.Collect$$libinit$$00000032  c_w.l(libinit2.o)
    0x080001bc   0x080001bc   0x00000002   Code   RO         1954    .ARM.Collect$$libinit$$00000033  c_w.l(libinit2.o)
    0x080001be   0x080001be   0x00000002   Code   RO         1990    .ARM.Collect$$libshutdown$$00000000  c_w.l(libshutdown.o)
    0x080001c0   0x080001c0   0x00000000   Code   RO         2001    .ARM.Collect$$libshutdown$$00000002  c_w.l(libshutdown2.o)
    0x080001c0   0x080001c0   0x00000000   Code   RO         2003    .ARM.Collect$$libshutdown$$00000004  c_w.l(libshutdown2.o)
    0x080001c0   0x080001c0   0x00000000   Code   RO         2006    .ARM.Collect$$libshutdown$$00000007  c_w.l(libshutdown2.o)
    0x080001c0   0x080001c0   0x00000000   Code   RO         2009    .ARM.Collect$$libshutdown$$0000000A  c_w.l(libshutdown2.o)
    0x080001c0   0x080001c0   0x00000000   Code   RO         2011    .ARM.Collect$$libshutdown$$0000000C  c_w.l(libshutdown2.o)
    0x080001c0   0x080001c0   0x00000000   Code   RO         2014    .ARM.Collect$$libshutdown$$0000000F  c_w.l(libshutdown2.o)
    0x080001c0   0x080001c0   0x00000002   Code   RO         2015    .ARM.Collect$$libshutdown$$00000010  c_w.l(libshutdown2.o)
    0x080001c2   0x080001c2   0x00000000   Code   RO         1806    .ARM.Collect$$rtentry$$00000000  c_w.l(__rtentry.o)
    0x080001c2   0x080001c2   0x00000000   Code   RO         1832    .ARM.Collect$$rtentry$$00000002  c_w.l(__rtentry2.o)
    0x080001c2   0x080001c2   0x00000006   Code   RO         1844    .ARM.Collect$$rtentry$$00000004  c_w.l(__rtentry4.o)
    0x080001c8   0x080001c8   0x00000000   Code   RO         1834    .ARM.Collect$$rtentry$$00000009  c_w.l(__rtentry2.o)
    0x080001c8   0x080001c8   0x00000004   Code   RO         1835    .ARM.Collect$$rtentry$$0000000A  c_w.l(__rtentry2.o)
    0x080001cc   0x080001cc   0x00000000   Code   RO         1837    .ARM.Collect$$rtentry$$0000000C  c_w.l(__rtentry2.o)
    0x080001cc   0x080001cc   0x00000008   Code   RO         1838    .ARM.Collect$$rtentry$$0000000D  c_w.l(__rtentry2.o)
    0x080001d4   0x080001d4   0x00000002   Code   RO         1955    .ARM.Collect$$rtexit$$00000000  c_w.l(rtexit.o)
    0x080001d6   0x080001d6   0x00000000   Code   RO         1964    .ARM.Collect$$rtexit$$00000002  c_w.l(rtexit2.o)
    0x080001d6   0x080001d6   0x00000004   Code   RO         1965    .ARM.Collect$$rtexit$$00000003  c_w.l(rtexit2.o)
    0x080001da   0x080001da   0x00000006   Code   RO         1966    .ARM.Collect$$rtexit$$00000004  c_w.l(rtexit2.o)
    0x080001e0   0x080001e0   0x00000040   Code   RO            4    .text               startup_stm32f103xb.o
    0x08000220   0x08000220   0x00000028   Code   RO         1734    .text               c_w.l(noretval__2sprintf.o)
    0x08000248   0x08000248   0x0000010e   Code   RO         1746    .text               c_w.l(__printf_wp.o)
    0x08000356   0x08000356   0x0000004e   Code   RO         1760    .text               c_w.l(rt_memclr_w.o)
    0x080003a4   0x080003a4   0x00000006   Code   RO         1762    .text               c_w.l(heapauxi.o)
    0x080003aa   0x080003aa   0x0000041c   Code   RO         1807    .text               c_w.l(_printf_fp_dec.o)
    0x080007c6   0x080007c6   0x00000002   PAD
    0x080007c8   0x080007c8   0x00000030   Code   RO         1811    .text               c_w.l(_printf_char_common.o)
    0x080007f8   0x080007f8   0x0000000a   Code   RO         1813    .text               c_w.l(_sputc.o)
    0x08000802   0x08000802   0x00000002   PAD
    0x08000804   0x08000804   0x00000008   Code   RO         1849    .text               c_w.l(rt_locale_intlibspace.o)
    0x0800080c   0x0800080c   0x0000008a   Code   RO         1851    .text               c_w.l(lludiv10.o)
    0x08000896   0x08000896   0x00000002   PAD
    0x08000898   0x08000898   0x00000080   Code   RO         1853    .text               c_w.l(_printf_fp_infnan.o)
    0x08000918   0x08000918   0x000000e4   Code   RO         1857    .text               c_w.l(bigflt0.o)
    0x080009fc   0x080009fc   0x00000008   Code   RO         1893    .text               c_w.l(libspace.o)
    0x08000a04   0x08000a04   0x0000004a   Code   RO         1896    .text               c_w.l(sys_stackheap_outer.o)
    0x08000a4e   0x08000a4e   0x00000012   Code   RO         1900    .text               c_w.l(exit.o)
    0x08000a60   0x08000a60   0x00000080   Code   RO         1902    .text               c_w.l(strcmpv7m.o)
    0x08000ae0   0x08000ae0   0x0000000c   Code   RO         1976    .text               c_w.l(sys_exit.o)
    0x08000aec   0x08000aec   0x00000002   Code   RO         1991    .text               c_w.l(use_no_semi.o)
    0x08000aee   0x08000aee   0x00000000   Code   RO         1993    .text               c_w.l(indicate_semi.o)
    0x08000aee   0x08000aee   0x00000002   PAD
    0x08000af0   0x08000af0   0x00000056   Code   RO          964    .text.ADC_ConversionStop_Disable  stm32f1xx_hal_adc.o
    0x08000b46   0x08000b46   0x00000002   PAD
    0x08000b48   0x08000b48   0x00000054   Code   RO          986    .text.ADC_DMAConvCplt  stm32f1xx_hal_adc.o
    0x08000b9c   0x08000b9c   0x0000001a   Code   RO          990    .text.ADC_DMAError  stm32f1xx_hal_adc.o
    0x08000bb6   0x08000bb6   0x00000002   PAD
    0x08000bb8   0x08000bb8   0x0000000a   Code   RO          988    .text.ADC_DMAHalfConvCplt  stm32f1xx_hal_adc.o
    0x08000bc2   0x08000bc2   0x00000002   PAD
    0x08000bc4   0x08000bc4   0x00000092   Code   RO          972    .text.ADC_Enable    stm32f1xx_hal_adc.o
    0x08000c56   0x08000c56   0x00000002   PAD
    0x08000c58   0x08000c58   0x00000002   Code   RO          210    .text.BusFault_Handler  stm32f1xx_it.o
    0x08000c5a   0x08000c5a   0x00000002   PAD
    0x08000c5c   0x08000c5c   0x00000004   Code   RO          309    .text.CDC_Control_FS  usbd_cdc_if.o
    0x08000c60   0x08000c60   0x00000004   Code   RO          307    .text.CDC_DeInit_FS  usbd_cdc_if.o
    0x08000c64   0x08000c64   0x0000002c   Code   RO          305    .text.CDC_Init_FS   usbd_cdc_if.o
    0x08000c90   0x08000c90   0x0000001c   Code   RO          311    .text.CDC_Receive_FS  usbd_cdc_if.o
    0x08000cac   0x08000cac   0x00000034   Code   RO          313    .text.CDC_Transmit_FS  usbd_cdc_if.o
    0x08000ce0   0x08000ce0   0x00000010   Code   RO          222    .text.DMA1_Channel1_IRQHandler  stm32f1xx_it.o
    0x08000cf0   0x08000cf0   0x0000002c   Code   RO          719    .text.DMA_SetConfig  stm32f1xx_hal_dma.o
    0x08000d1c   0x08000d1c   0x00000002   Code   RO          216    .text.DebugMon_Handler  stm32f1xx_it.o
    0x08000d1e   0x08000d1e   0x00000002   PAD
    0x08000d20   0x08000d20   0x0000003c   Code   RO           13    .text.DelayInit     i2c-lcd.o
    0x08000d5c   0x08000d5c   0x00000038   Code   RO           19    .text.DelayUS       i2c-lcd.o
    0x08000d94   0x08000d94   0x0000000c   Code   RO          234    .text.EXTI15_10_IRQHandler  stm32f1xx_it.o
    0x08000da0   0x08000da0   0x00000014   Code   RO          228    .text.EXTI9_5_IRQHandler  stm32f1xx_it.o
    0x08000db4   0x08000db4   0x0000000a   Code   RO          179    .text.Error_Handler  main.o
    0x08000dbe   0x08000dbe   0x00000002   PAD
    0x08000dc0   0x08000dc0   0x00000034   Code   RO           15    .text.ExpanderWrite  i2c-lcd.o
    0x08000df4   0x08000df4   0x00000034   Code   RO          288    .text.Get_SerialNum  usbd_desc.o
    0x08000e28   0x08000e28   0x0000010a   Code   RO         1006    .text.HAL_ADC_ConfigChannel  stm32f1xx_hal_adc.o
    0x08000f32   0x08000f32   0x00000002   PAD
    0x08000f34   0x08000f34   0x00000002   Code   RO          998    .text.HAL_ADC_ConvCpltCallback  stm32f1xx_hal_adc.o
    0x08000f36   0x08000f36   0x00000002   PAD
    0x08000f38   0x08000f38   0x00000002   Code   RO         1002    .text.HAL_ADC_ConvHalfCpltCallback  stm32f1xx_hal_adc.o
    0x08000f3a   0x08000f3a   0x00000002   PAD
    0x08000f3c   0x08000f3c   0x00000002   Code   RO         1004    .text.HAL_ADC_ErrorCallback  stm32f1xx_hal_adc.o
    0x08000f3e   0x08000f3e   0x00000002   PAD
    0x08000f40   0x08000f40   0x00000006   Code   RO          994    .text.HAL_ADC_GetValue  stm32f1xx_hal_adc.o
    0x08000f46   0x08000f46   0x00000002   PAD
    0x08000f48   0x08000f48   0x0000011c   Code   RO          960    .text.HAL_ADC_Init  stm32f1xx_hal_adc.o
    0x08001064   0x08001064   0x000000f6   Code   RO          245    .text.HAL_ADC_MspInit  stm32f1xx_hal_msp.o
    0x0800115a   0x0800115a   0x00000002   PAD
    0x0800115c   0x0800115c   0x0000018c   Code   RO          976    .text.HAL_ADC_PollForConversion  stm32f1xx_hal_adc.o
    0x080012e8   0x080012e8   0x000000de   Code   RO          970    .text.HAL_ADC_Start  stm32f1xx_hal_adc.o
    0x080013c6   0x080013c6   0x00000002   PAD
    0x080013c8   0x080013c8   0x00000136   Code   RO          984    .text.HAL_ADC_Start_DMA  stm32f1xx_hal_adc.o
    0x080014fe   0x080014fe   0x00000002   PAD
    0x08001500   0x08001500   0x00000032   Code   RO          974    .text.HAL_ADC_Stop  stm32f1xx_hal_adc.o
    0x08001532   0x08001532   0x00000002   PAD
    0x08001534   0x08001534   0x00000054   Code   RO          992    .text.HAL_ADC_Stop_DMA  stm32f1xx_hal_adc.o
    0x08001588   0x08001588   0x00000040   Code   RO          723    .text.HAL_DMA_Abort  stm32f1xx_hal_dma.o
    0x080015c8   0x080015c8   0x00000182   Code   RO          729    .text.HAL_DMA_IRQHandler  stm32f1xx_hal_dma.o
    0x0800174a   0x0800174a   0x00000002   PAD
    0x0800174c   0x0800174c   0x00000088   Code   RO          713    .text.HAL_DMA_Init  stm32f1xx_hal_dma.o
    0x080017d4   0x080017d4   0x0000006c   Code   RO          721    .text.HAL_DMA_Start_IT  stm32f1xx_hal_dma.o
    0x08001840   0x08001840   0x00000028   Code   RO          596    .text.HAL_Delay     stm32f1xx_hal.o
    0x08001868   0x08001868   0x00000028   Code   RO          153    .text.HAL_GPIO_EXTI_Callback  main.o
    0x08001890   0x08001890   0x0000001a   Code   RO          701    .text.HAL_GPIO_EXTI_IRQHandler  stm32f1xx_hal_gpio.o
    0x080018aa   0x080018aa   0x00000002   PAD
    0x080018ac   0x080018ac   0x0000021c   Code   RO          689    .text.HAL_GPIO_Init  stm32f1xx_hal_gpio.o
    0x08001ac8   0x08001ac8   0x0000000a   Code   RO          693    .text.HAL_GPIO_ReadPin  stm32f1xx_hal_gpio.o
    0x08001ad2   0x08001ad2   0x00000002   PAD
    0x08001ad4   0x08001ad4   0x0000000a   Code   RO          695    .text.HAL_GPIO_WritePin  stm32f1xx_hal_gpio.o
    0x08001ade   0x08001ade   0x00000002   PAD
    0x08001ae0   0x08001ae0   0x0000000c   Code   RO          588    .text.HAL_GetTick   stm32f1xx_hal.o
    0x08001aec   0x08001aec   0x0000018e   Code   RO         1056    .text.HAL_I2C_Init  stm32f1xx_hal_i2c.o
    0x08001c7a   0x08001c7a   0x00000002   PAD
    0x08001c7c   0x08001c7c   0x00000138   Code   RO         1064    .text.HAL_I2C_Master_Transmit  stm32f1xx_hal_i2c.o
    0x08001db4   0x08001db4   0x00000068   Code   RO          249    .text.HAL_I2C_MspInit  stm32f1xx_hal_msp.o
    0x08001e1c   0x08001e1c   0x0000001a   Code   RO          586    .text.HAL_IncTick   stm32f1xx_hal.o
    0x08001e36   0x08001e36   0x00000002   PAD
    0x08001e38   0x08001e38   0x00000026   Code   RO          576    .text.HAL_Init      stm32f1xx_hal.o
    0x08001e5e   0x08001e5e   0x00000002   PAD
    0x08001e60   0x08001e60   0x00000050   Code   RO          578    .text.HAL_InitTick  stm32f1xx_hal.o
    0x08001eb0   0x08001eb0   0x00000042   Code   RO          243    .text.HAL_MspInit   stm32f1xx_hal_msp.o
    0x08001ef2   0x08001ef2   0x00000002   PAD
    0x08001ef4   0x08001ef4   0x00000008   Code   RO          763    .text.HAL_NVIC_DisableIRQ  stm32f1xx_hal_cortex.o
    0x08001efc   0x08001efc   0x00000008   Code   RO          759    .text.HAL_NVIC_EnableIRQ  stm32f1xx_hal_cortex.o
    0x08001f04   0x08001f04   0x0000001e   Code   RO          751    .text.HAL_NVIC_SetPriority  stm32f1xx_hal_cortex.o
    0x08001f22   0x08001f22   0x00000002   PAD
    0x08001f24   0x08001f24   0x00000008   Code   RO          747    .text.HAL_NVIC_SetPriorityGrouping  stm32f1xx_hal_cortex.o
    0x08001f2c   0x08001f2c   0x00000046   Code   RO          496    .text.HAL_PCDEx_PMAConfig  stm32f1xx_hal_pcd_ex.o
    0x08001f72   0x08001f72   0x00000002   PAD
    0x08001f74   0x08001f74   0x00000002   Code   RO          388    .text.HAL_PCDEx_SetConnectionState  usbd_conf.o
    0x08001f76   0x08001f76   0x00000002   PAD
    0x08001f78   0x08001f78   0x00000018   Code   RO          334    .text.HAL_PCD_DataInStageCallback  usbd_conf.o
    0x08001f90   0x08001f90   0x0000001a   Code   RO          332    .text.HAL_PCD_DataOutStageCallback  usbd_conf.o
    0x08001faa   0x08001faa   0x00000002   PAD
    0x08001fac   0x08001fac   0x0000004a   Code   RO          462    .text.HAL_PCD_EP_Close  stm32f1xx_hal_pcd.o
    0x08001ff6   0x08001ff6   0x00000002   PAD
    0x08001ff8   0x08001ff8   0x0000005c   Code   RO          472    .text.HAL_PCD_EP_ClrStall  stm32f1xx_hal_pcd.o
    0x08002054   0x08002054   0x000000c6   Code   RO          484    .text.HAL_PCD_EP_DB_Receive  stm32f1xx_hal_pcd.o
    0x0800211a   0x0800211a   0x00000002   PAD
    0x0800211c   0x0800211c   0x00000348   Code   RO          486    .text.HAL_PCD_EP_DB_Transmit  stm32f1xx_hal_pcd.o
    0x08002464   0x08002464   0x00000012   Code   RO          466    .text.HAL_PCD_EP_GetRxCount  stm32f1xx_hal_pcd.o
    0x08002476   0x08002476   0x00000002   PAD
    0x08002478   0x08002478   0x00000058   Code   RO          460    .text.HAL_PCD_EP_Open  stm32f1xx_hal_pcd.o
    0x080024d0   0x080024d0   0x00000032   Code   RO          464    .text.HAL_PCD_EP_Receive  stm32f1xx_hal_pcd.o
    0x08002502   0x08002502   0x00000002   PAD
    0x08002504   0x08002504   0x0000006a   Code   RO          470    .text.HAL_PCD_EP_SetStall  stm32f1xx_hal_pcd.o
    0x0800256e   0x0800256e   0x00000002   PAD
    0x08002570   0x08002570   0x00000036   Code   RO          468    .text.HAL_PCD_EP_Transmit  stm32f1xx_hal_pcd.o
    0x080025a6   0x080025a6   0x00000002   PAD
    0x080025a8   0x080025a8   0x0000015a   Code   RO          426    .text.HAL_PCD_IRQHandler  stm32f1xx_hal_pcd.o
    0x08002702   0x08002702   0x00000002   PAD
    0x08002704   0x08002704   0x000000c6   Code   RO          414    .text.HAL_PCD_Init  stm32f1xx_hal_pcd.o
    0x080027ca   0x080027ca   0x00000002   PAD
    0x080027cc   0x080027cc   0x00000054   Code   RO          326    .text.HAL_PCD_MspInit  usbd_conf.o
    0x08002820   0x08002820   0x00000022   Code   RO          338    .text.HAL_PCD_ResetCallback  usbd_conf.o
    0x08002842   0x08002842   0x00000002   PAD
    0x08002844   0x08002844   0x0000000c   Code   RO          342    .text.HAL_PCD_ResumeCallback  usbd_conf.o
    0x08002850   0x08002850   0x0000000c   Code   RO          336    .text.HAL_PCD_SOFCallback  usbd_conf.o
    0x0800285c   0x0800285c   0x00000026   Code   RO          432    .text.HAL_PCD_SetAddress  stm32f1xx_hal_pcd.o
    0x08002882   0x08002882   0x00000002   PAD
    0x08002884   0x08002884   0x00000012   Code   RO          330    .text.HAL_PCD_SetupStageCallback  usbd_conf.o
    0x08002896   0x08002896   0x00000002   PAD
    0x08002898   0x08002898   0x00000032   Code   RO          422    .text.HAL_PCD_Start  stm32f1xx_hal_pcd.o
    0x080028ca   0x080028ca   0x00000002   PAD
    0x080028cc   0x080028cc   0x00000026   Code   RO          340    .text.HAL_PCD_SuspendCallback  usbd_conf.o
    0x080028f2   0x080028f2   0x00000002   PAD
    0x080028f4   0x080028f4   0x000000f4   Code   RO          679    .text.HAL_RCCEx_GetPeriphCLKFreq  stm32f1xx_hal_rcc_ex.o
    0x080029e8   0x080029e8   0x0000010e   Code   RO          675    .text.HAL_RCCEx_PeriphCLKConfig  stm32f1xx_hal_rcc_ex.o
    0x08002af6   0x08002af6   0x00000002   PAD
    0x08002af8   0x08002af8   0x0000016e   Code   RO          643    .text.HAL_RCC_ClockConfig  stm32f1xx_hal_rcc.o
    0x08002c66   0x08002c66   0x00000002   PAD
    0x08002c68   0x08002c68   0x0000000c   Code   RO          653    .text.HAL_RCC_GetHCLKFreq  stm32f1xx_hal_rcc.o
    0x08002c74   0x08002c74   0x00000022   Code   RO          655    .text.HAL_RCC_GetPCLK1Freq  stm32f1xx_hal_rcc.o
    0x08002c96   0x08002c96   0x00000002   PAD
    0x08002c98   0x08002c98   0x00000022   Code   RO          657    .text.HAL_RCC_GetPCLK2Freq  stm32f1xx_hal_rcc.o
    0x08002cba   0x08002cba   0x00000002   PAD
    0x08002cbc   0x08002cbc   0x00000060   Code   RO          645    .text.HAL_RCC_GetSysClockFreq  stm32f1xx_hal_rcc.o
    0x08002d1c   0x08002d1c   0x00000314   Code   RO          639    .text.HAL_RCC_OscConfig  stm32f1xx_hal_rcc.o
    0x08003030   0x08003030   0x00000008   Code   RO          771    .text.HAL_SYSTICK_Config  stm32f1xx_hal_cortex.o
    0x08003038   0x08003038   0x00000002   Code   RO         1552    .text.HAL_TIMEx_BreakCallback  stm32f1xx_hal_tim_ex.o
    0x0800303a   0x0800303a   0x00000002   PAD
    0x0800303c   0x0800303c   0x00000002   Code   RO         1548    .text.HAL_TIMEx_CommutCallback  stm32f1xx_hal_tim_ex.o
    0x0800303e   0x0800303e   0x00000002   PAD
    0x08003040   0x08003040   0x00000076   Code   RO         1542    .text.HAL_TIMEx_MasterConfigSynchronization  stm32f1xx_hal_tim_ex.o
    0x080030b6   0x080030b6   0x00000002   PAD
    0x080030b8   0x080030b8   0x0000005a   Code   RO         1228    .text.HAL_TIM_Base_Init  stm32f1xx_hal_tim.o
    0x08003112   0x08003112   0x00000002   PAD
    0x08003114   0x08003114   0x0000006c   Code   RO          253    .text.HAL_TIM_Base_MspInit  stm32f1xx_hal_msp.o
    0x08003180   0x08003180   0x00000066   Code   RO         1242    .text.HAL_TIM_Base_Start_IT  stm32f1xx_hal_tim.o
    0x080031e6   0x080031e6   0x00000002   PAD
    0x080031e8   0x080031e8   0x00000032   Code   RO         1244    .text.HAL_TIM_Base_Stop_IT  stm32f1xx_hal_tim.o
    0x0800321a   0x0800321a   0x00000002   PAD
    0x0800321c   0x0800321c   0x000000de   Code   RO         1420    .text.HAL_TIM_ConfigClockSource  stm32f1xx_hal_tim.o
    0x080032fa   0x080032fa   0x00000002   PAD
    0x080032fc   0x080032fc   0x00000002   Code   RO         1364    .text.HAL_TIM_IC_CaptureCallback  stm32f1xx_hal_tim.o
    0x080032fe   0x080032fe   0x00000002   PAD
    0x08003300   0x08003300   0x00000134   Code   RO         1362    .text.HAL_TIM_IRQHandler  stm32f1xx_hal_tim.o
    0x08003434   0x08003434   0x00000002   Code   RO         1366    .text.HAL_TIM_OC_DelayElapsedCallback  stm32f1xx_hal_tim.o
    0x08003436   0x08003436   0x00000002   PAD
    0x08003438   0x08003438   0x00000002   Code   RO         1368    .text.HAL_TIM_PWM_PulseFinishedCallback  stm32f1xx_hal_tim.o
    0x0800343a   0x0800343a   0x00000002   PAD
    0x0800343c   0x0800343c   0x00000096   Code   RO          155    .text.HAL_TIM_PeriodElapsedCallback  main.o
    0x080034d2   0x080034d2   0x00000002   PAD
    0x080034d4   0x080034d4   0x0000004a   Code   RO         1430    .text.HAL_TIM_SlaveConfigSynchro  stm32f1xx_hal_tim.o
    0x0800351e   0x0800351e   0x00000002   PAD
    0x08003520   0x08003520   0x00000002   Code   RO         1372    .text.HAL_TIM_TriggerCallback  stm32f1xx_hal_tim.o
    0x08003522   0x08003522   0x00000002   PAD
    0x08003524   0x08003524   0x00000012   Code   RO           25    .text.HD44780_Clear  i2c-lcd.o
    0x08003536   0x08003536   0x00000002   PAD
    0x08003538   0x08003538   0x00000022   Code   RO           23    .text.HD44780_CreateSpecialChar  i2c-lcd.o
    0x0800355a   0x0800355a   0x00000002   PAD
    0x0800355c   0x0800355c   0x0000001e   Code   RO           33    .text.HD44780_Display  i2c-lcd.o
    0x0800357a   0x0800357a   0x00000002   PAD
    0x0800357c   0x0800357c   0x00000012   Code   RO           27    .text.HD44780_Home  i2c-lcd.o
    0x0800358e   0x0800358e   0x00000002   PAD
    0x08003590   0x08003590   0x000000d6   Code   RO           11    .text.HD44780_Init  i2c-lcd.o
    0x08003666   0x08003666   0x00000002   PAD
    0x08003668   0x08003668   0x0000001c   Code   RO           63    .text.HD44780_PrintStr  i2c-lcd.o
    0x08003684   0x08003684   0x00000038   Code   RO           29    .text.HD44780_SetCursor  i2c-lcd.o
    0x080036bc   0x080036bc   0x0000002c   Code   RO           61    .text.HD44780_Value  i2c-lcd.o
    0x080036e8   0x080036e8   0x000000a0   Code   RO          130    .text.HandleButtonMode  osc_lib_c.o
    0x08003788   0x08003788   0x00000064   Code   RO          128    .text.HandleButtonSetup  osc_lib_c.o
    0x080037ec   0x080037ec   0x00000086   Code   RO          132    .text.HandleButtonStart  osc_lib_c.o
    0x08003872   0x08003872   0x00000002   PAD
    0x08003874   0x08003874   0x000000ac   Code   RO          177    .text.HandleError   main.o
    0x08003920   0x08003920   0x00000086   Code   RO           94    .text.HandleMode    osc_lib_c.o
    0x080039a6   0x080039a6   0x00000002   PAD
    0x080039a8   0x080039a8   0x00000028   Code   RO           92    .text.HandleSetup   osc_lib_c.o
    0x080039d0   0x080039d0   0x000001c0   Code   RO          157    .text.HandleStart   main.o
    0x08003b90   0x08003b90   0x00000082   Code   RO          104    .text.HandleStop    osc_lib_c.o
    0x08003c12   0x08003c12   0x00000002   PAD
    0x08003c14   0x08003c14   0x00000002   Code   RO          206    .text.HardFault_Handler  stm32f1xx_it.o
    0x08003c16   0x08003c16   0x00000002   PAD
    0x08003c18   0x08003c18   0x00000030   Code   RO         1218    .text.I2C_IsAcknowledgeFailed  stm32f1xx_hal_i2c.o
    0x08003c48   0x08003c48   0x000000b0   Code   RO         1068    .text.I2C_MasterRequestWrite  stm32f1xx_hal_i2c.o
    0x08003cf8   0x08003cf8   0x0000006a   Code   RO         1072    .text.I2C_WaitOnBTFFlagUntilTimeout  stm32f1xx_hal_i2c.o
    0x08003d62   0x08003d62   0x00000002   PAD
    0x08003d64   0x08003d64   0x000000a0   Code   RO         1066    .text.I2C_WaitOnFlagUntilTimeout  stm32f1xx_hal_i2c.o
    0x08003e04   0x08003e04   0x000000a6   Code   RO         1216    .text.I2C_WaitOnMasterAddressFlagUntilTimeout  stm32f1xx_hal_i2c.o
    0x08003eaa   0x08003eaa   0x00000002   PAD
    0x08003eac   0x08003eac   0x0000006a   Code   RO         1070    .text.I2C_WaitOnTXEFlagUntilTimeout  stm32f1xx_hal_i2c.o
    0x08003f16   0x08003f16   0x00000002   PAD
    0x08003f18   0x08003f18   0x00000036   Code   RO          290    .text.IntToUnicode  usbd_desc.o
    0x08003f4e   0x08003f4e   0x00000002   PAD
    0x08003f50   0x08003f50   0x00000058   Code   RO          167    .text.MX_ADC1_Init  main.o
    0x08003fa8   0x08003fa8   0x0000005c   Code   RO          169    .text.MX_ADC2_Init  main.o
    0x08004004   0x08004004   0x0000003e   Code   RO          165    .text.MX_DMA_Init   main.o
    0x08004042   0x08004042   0x00000002   PAD
    0x08004044   0x08004044   0x000000e0   Code   RO          163    .text.MX_GPIO_Init  main.o
    0x08004124   0x08004124   0x0000003e   Code   RO          171    .text.MX_I2C1_Init  main.o
    0x08004162   0x08004162   0x00000002   PAD
    0x08004164   0x08004164   0x0000008c   Code   RO          173    .text.MX_TIM2_Init  main.o
    0x080041f0   0x080041f0   0x00000074   Code   RO          175    .text.MX_TIM3_Init  main.o
    0x08004264   0x08004264   0x0000006e   Code   RO          265    .text.MX_USB_DEVICE_Init  usb_device.o
    0x080042d2   0x080042d2   0x00000002   PAD
    0x080042d4   0x080042d4   0x00000002   Code   RO          208    .text.MemManage_Handler  stm32f1xx_it.o
    0x080042d6   0x080042d6   0x00000002   PAD
    0x080042d8   0x080042d8   0x00000002   Code   RO          204    .text.NMI_Handler   stm32f1xx_it.o
    0x080042da   0x080042da   0x00000002   PAD
    0x080042dc   0x080042dc   0x0000002c   Code   RO          757    .text.NVIC_EncodePriority  stm32f1xx_hal_cortex.o
    0x08004308   0x08004308   0x00000048   Code   RO           90    .text.OSC_Init      osc_lib_c.o
    0x08004350   0x08004350   0x00000392   Code   RO          428    .text.PCD_EP_ISR_Handler  stm32f1xx_hal_pcd.o
    0x080046e2   0x080046e2   0x00000002   PAD
    0x080046e4   0x080046e4   0x00000002   Code   RO          218    .text.PendSV_Handler  stm32f1xx_it.o
    0x080046e6   0x080046e6   0x00000002   PAD
    0x080046e8   0x080046e8   0x00000022   Code   RO           73    .text.PulseEnable   i2c-lcd.o
    0x0800470a   0x0800470a   0x00000002   PAD
    0x0800470c   0x0800470c   0x0000002c   Code   RO          641    .text.RCC_Delay     stm32f1xx_hal_rcc.o
    0x08004738   0x08004738   0x00000002   Code   RO          214    .text.SVC_Handler   stm32f1xx_it.o
    0x0800473a   0x0800473a   0x00000002   PAD
    0x0800473c   0x0800473c   0x0000001c   Code   RO           71    .text.Send          i2c-lcd.o
    0x08004758   0x08004758   0x0000000a   Code   RO           55    .text.SendChar      i2c-lcd.o
    0x08004762   0x08004762   0x00000002   PAD
    0x08004764   0x08004764   0x0000000a   Code   RO           21    .text.SendCommand   i2c-lcd.o
    0x0800476e   0x0800476e   0x00000002   PAD
    0x08004770   0x08004770   0x0000002e   Code   RO          773    .text.SysTick_Config  stm32f1xx_hal_cortex.o
    0x0800479e   0x0800479e   0x00000002   PAD
    0x080047a0   0x080047a0   0x00000008   Code   RO          220    .text.SysTick_Handler  stm32f1xx_it.o
    0x080047a8   0x080047a8   0x00000080   Code   RO          161    .text.SystemClock_Config  main.o
    0x08004828   0x08004828   0x00000002   Code   RO         1566    .text.SystemInit    system_stm32f1xx.o
    0x0800482a   0x0800482a   0x00000002   PAD
    0x0800482c   0x0800482c   0x00000010   Code   RO          230    .text.TIM2_IRQHandler  stm32f1xx_it.o
    0x0800483c   0x0800483c   0x00000010   Code   RO          232    .text.TIM3_IRQHandler  stm32f1xx_it.o
    0x0800484c   0x0800484c   0x0000009a   Code   RO         1232    .text.TIM_Base_SetConfig  stm32f1xx_hal_tim.o
    0x080048e6   0x080048e6   0x00000002   PAD
    0x080048e8   0x080048e8   0x00000016   Code   RO         1418    .text.TIM_ETR_SetConfig  stm32f1xx_hal_tim.o
    0x080048fe   0x080048fe   0x00000002   PAD
    0x08004900   0x08004900   0x00000010   Code   RO         1424    .text.TIM_ITRx_SetConfig  stm32f1xx_hal_tim.o
    0x08004910   0x08004910   0x00000096   Code   RO         1432    .text.TIM_SlaveTimer_SetConfig  stm32f1xx_hal_tim.o
    0x080049a6   0x080049a6   0x00000002   PAD
    0x080049a8   0x080049a8   0x00000022   Code   RO         1422    .text.TIM_TI1_ConfigInputStage  stm32f1xx_hal_tim.o
    0x080049ca   0x080049ca   0x00000002   PAD
    0x080049cc   0x080049cc   0x00000024   Code   RO         1426    .text.TIM_TI2_ConfigInputStage  stm32f1xx_hal_tim.o
    0x080049f0   0x080049f0   0x00000050   Code   RO         1696    .text.USBD_CDC_DataIn  usbd_cdc.o
    0x08004a40   0x08004a40   0x0000002e   Code   RO         1698    .text.USBD_CDC_DataOut  usbd_cdc.o
    0x08004a6e   0x08004a6e   0x00000002   PAD
    0x08004a70   0x08004a70   0x00000042   Code   RO         1690    .text.USBD_CDC_DeInit  usbd_cdc.o
    0x08004ab2   0x08004ab2   0x00000002   PAD
    0x08004ab4   0x08004ab4   0x00000028   Code   RO         1694    .text.USBD_CDC_EP0_RxReady  usbd_cdc.o
    0x08004adc   0x08004adc   0x00000010   Code   RO         1706    .text.USBD_CDC_GetDeviceQualifierDescriptor  usbd_cdc.o
    0x08004aec   0x08004aec   0x00000010   Code   RO         1702    .text.USBD_CDC_GetFSCfgDesc  usbd_cdc.o
    0x08004afc   0x08004afc   0x00000010   Code   RO         1700    .text.USBD_CDC_GetHSCfgDesc  usbd_cdc.o
    0x08004b0c   0x08004b0c   0x00000010   Code   RO         1704    .text.USBD_CDC_GetOtherSpeedCfgDesc  usbd_cdc.o
    0x08004b1c   0x08004b1c   0x00000082   Code   RO         1688    .text.USBD_CDC_Init  usbd_cdc.o
    0x08004b9e   0x08004b9e   0x00000002   PAD
    0x08004ba0   0x08004ba0   0x0000002a   Code   RO         1716    .text.USBD_CDC_ReceivePacket  usbd_cdc.o
    0x08004bca   0x08004bca   0x00000002   PAD
    0x08004bcc   0x08004bcc   0x0000000e   Code   RO         1708    .text.USBD_CDC_RegisterInterface  usbd_cdc.o
    0x08004bda   0x08004bda   0x00000002   PAD
    0x08004bdc   0x08004bdc   0x0000000c   Code   RO         1712    .text.USBD_CDC_SetRxBuffer  usbd_cdc.o
    0x08004be8   0x08004be8   0x00000010   Code   RO         1710    .text.USBD_CDC_SetTxBuffer  usbd_cdc.o
    0x08004bf8   0x08004bf8   0x000000f2   Code   RO         1692    .text.USBD_CDC_Setup  usbd_cdc.o
    0x08004cea   0x08004cea   0x00000002   PAD
    0x08004cec   0x08004cec   0x00000038   Code   RO         1714    .text.USBD_CDC_TransmitPacket  usbd_cdc.o
    0x08004d24   0x08004d24   0x0000000e   Code   RO         1595    .text.USBD_ClrClassConfig  usbd_core.o
    0x08004d32   0x08004d32   0x00000002   PAD
    0x08004d34   0x08004d34   0x00000026   Code   RO         1643    .text.USBD_ClrFeature  usbd_ctlreq.o
    0x08004d5a   0x08004d5a   0x00000002   PAD
    0x08004d5c   0x08004d5c   0x00000010   Code   RO         1672    .text.USBD_CtlContinueRx  usbd_ioreq.o
    0x08004d6c   0x08004d6c   0x00000010   Code   RO         1668    .text.USBD_CtlContinueSendData  usbd_ioreq.o
    0x08004d7c   0x08004d7c   0x00000014   Code   RO         1645    .text.USBD_CtlError  usbd_ctlreq.o
    0x08004d90   0x08004d90   0x0000001a   Code   RO         1670    .text.USBD_CtlPrepareRx  usbd_ioreq.o
    0x08004daa   0x08004daa   0x00000002   PAD
    0x08004dac   0x08004dac   0x00000016   Code   RO         1676    .text.USBD_CtlReceiveStatus  usbd_ioreq.o
    0x08004dc2   0x08004dc2   0x00000002   PAD
    0x08004dc4   0x08004dc4   0x0000001a   Code   RO         1666    .text.USBD_CtlSendData  usbd_ioreq.o
    0x08004dde   0x08004dde   0x00000002   PAD
    0x08004de0   0x08004de0   0x00000016   Code   RO         1674    .text.USBD_CtlSendStatus  usbd_ioreq.o
    0x08004df6   0x08004df6   0x00000002   PAD
    0x08004df8   0x08004df8   0x00000024   Code   RO          284    .text.USBD_FS_ConfigStrDescriptor  usbd_desc.o
    0x08004e1c   0x08004e1c   0x0000000e   Code   RO          274    .text.USBD_FS_DeviceDescriptor  usbd_desc.o
    0x08004e2a   0x08004e2a   0x00000002   PAD
    0x08004e2c   0x08004e2c   0x00000028   Code   RO          286    .text.USBD_FS_InterfaceStrDescriptor  usbd_desc.o
    0x08004e54   0x08004e54   0x0000000e   Code   RO          276    .text.USBD_FS_LangIDStrDescriptor  usbd_desc.o
    0x08004e62   0x08004e62   0x00000002   PAD
    0x08004e64   0x08004e64   0x0000002c   Code   RO          278    .text.USBD_FS_ManufacturerStrDescriptor  usbd_desc.o
    0x08004e90   0x08004e90   0x00000030   Code   RO          280    .text.USBD_FS_ProductStrDescriptor  usbd_desc.o
    0x08004ec0   0x08004ec0   0x00000014   Code   RO          282    .text.USBD_FS_SerialStrDescriptor  usbd_desc.o
    0x08004ed4   0x08004ed4   0x00000030   Code   RO         1637    .text.USBD_GetConfig  usbd_ctlreq.o
    0x08004f04   0x08004f04   0x000000fc   Code   RO         1631    .text.USBD_GetDescriptor  usbd_ctlreq.o
    0x08005000   0x08005000   0x0000001e   Code   RO         1655    .text.USBD_GetLen   usbd_ctlreq.o
    0x0800501e   0x0800501e   0x00000002   PAD
    0x08005020   0x08005020   0x00000032   Code   RO         1639    .text.USBD_GetStatus  usbd_ctlreq.o
    0x08005052   0x08005052   0x00000002   PAD
    0x08005054   0x08005054   0x00000044   Code   RO         1653    .text.USBD_GetString  usbd_ctlreq.o
    0x08005098   0x08005098   0x0000001a   Code   RO          356    .text.USBD_Get_USB_Status  usbd_conf.o
    0x080050b2   0x080050b2   0x00000002   PAD
    0x080050b4   0x080050b4   0x00000030   Code   RO         1581    .text.USBD_Init     usbd_core.o
    0x080050e4   0x080050e4   0x00000010   Code   RO          370    .text.USBD_LL_ClearStallEP  usbd_conf.o
    0x080050f4   0x080050f4   0x00000010   Code   RO          364    .text.USBD_LL_CloseEP  usbd_conf.o
    0x08005104   0x08005104   0x000000c2   Code   RO         1601    .text.USBD_LL_DataInStage  usbd_core.o
    0x080051c6   0x080051c6   0x00000002   PAD
    0x080051c8   0x080051c8   0x00000086   Code   RO         1599    .text.USBD_LL_DataOutStage  usbd_core.o
    0x0800524e   0x0800524e   0x00000002   PAD
    0x08005250   0x08005250   0x0000000c   Code   RO          380    .text.USBD_LL_GetRxDataSize  usbd_conf.o
    0x0800525c   0x0800525c   0x00000086   Code   RO          352    .text.USBD_LL_Init  usbd_conf.o
    0x080052e2   0x080052e2   0x00000002   PAD
    0x080052e4   0x080052e4   0x00000020   Code   RO          372    .text.USBD_LL_IsStallEP  usbd_conf.o
    0x08005304   0x08005304   0x00000016   Code   RO          362    .text.USBD_LL_OpenEP  usbd_conf.o
    0x0800531a   0x0800531a   0x00000002   PAD
    0x0800531c   0x0800531c   0x00000010   Code   RO          378    .text.USBD_LL_PrepareReceive  usbd_conf.o
    0x0800532c   0x0800532c   0x00000054   Code   RO         1603    .text.USBD_LL_Reset  usbd_core.o
    0x08005380   0x08005380   0x00000014   Code   RO         1609    .text.USBD_LL_Resume  usbd_core.o
    0x08005394   0x08005394   0x0000001a   Code   RO         1611    .text.USBD_LL_SOF   usbd_core.o
    0x080053ae   0x080053ae   0x00000002   PAD
    0x080053b0   0x080053b0   0x00000008   Code   RO         1605    .text.USBD_LL_SetSpeed  usbd_core.o
    0x080053b8   0x080053b8   0x00000010   Code   RO          374    .text.USBD_LL_SetUSBAddress  usbd_conf.o
    0x080053c8   0x080053c8   0x00000060   Code   RO         1597    .text.USBD_LL_SetupStage  usbd_core.o
    0x08005428   0x08005428   0x00000010   Code   RO          368    .text.USBD_LL_StallEP  usbd_conf.o
    0x08005438   0x08005438   0x00000010   Code   RO          358    .text.USBD_LL_Start  usbd_conf.o
    0x08005448   0x08005448   0x00000014   Code   RO         1607    .text.USBD_LL_Suspend  usbd_core.o
    0x0800545c   0x0800545c   0x00000010   Code   RO          376    .text.USBD_LL_Transmit  usbd_conf.o
    0x0800546c   0x0800546c   0x00000016   Code   RO         1651    .text.USBD_ParseSetupRequest  usbd_ctlreq.o
    0x08005482   0x08005482   0x00000002   PAD
    0x08005484   0x08005484   0x0000000e   Code   RO         1585    .text.USBD_RegisterClass  usbd_core.o
    0x08005492   0x08005492   0x00000002   PAD
    0x08005494   0x08005494   0x00000046   Code   RO         1633    .text.USBD_SetAddress  usbd_ctlreq.o
    0x080054da   0x080054da   0x00000002   PAD
    0x080054dc   0x080054dc   0x0000001a   Code   RO         1593    .text.USBD_SetClassConfig  usbd_core.o
    0x080054f6   0x080054f6   0x00000002   PAD
    0x080054f8   0x080054f8   0x00000086   Code   RO         1635    .text.USBD_SetConfig  usbd_ctlreq.o
    0x0800557e   0x0800557e   0x00000002   PAD
    0x08005580   0x08005580   0x00000016   Code   RO         1641    .text.USBD_SetFeature  usbd_ctlreq.o
    0x08005596   0x08005596   0x00000002   PAD
    0x08005598   0x08005598   0x0000000a   Code   RO         1587    .text.USBD_Start    usbd_core.o
    0x080055a2   0x080055a2   0x00000002   PAD
    0x080055a4   0x080055a4   0x00000072   Code   RO         1629    .text.USBD_StdDevReq  usbd_ctlreq.o
    0x08005616   0x08005616   0x00000002   PAD
    0x08005618   0x08005618   0x0000015c   Code   RO         1649    .text.USBD_StdEPReq  usbd_ctlreq.o
    0x08005774   0x08005774   0x0000005c   Code   RO         1647    .text.USBD_StdItfReq  usbd_ctlreq.o
    0x080057d0   0x080057d0   0x00000002   Code   RO          386    .text.USBD_static_free  usbd_conf.o
    0x080057d2   0x080057d2   0x00000002   PAD
    0x080057d4   0x080057d4   0x0000000a   Code   RO          384    .text.USBD_static_malloc  usbd_conf.o
    0x080057de   0x080057de   0x00000002   PAD
    0x080057e0   0x080057e0   0x00000230   Code   RO          526    .text.USB_ActivateEndpoint  stm32f1xx_ll_usb.o
    0x08005a10   0x08005a10   0x00000004   Code   RO          512    .text.USB_CoreInit  stm32f1xx_ll_usb.o
    0x08005a14   0x08005a14   0x00000104   Code   RO          528    .text.USB_DeactivateEndpoint  stm32f1xx_ll_usb.o
    0x08005b18   0x08005b18   0x00000004   Code   RO          544    .text.USB_DevConnect  stm32f1xx_ll_usb.o
    0x08005b1c   0x08005b1c   0x00000004   Code   RO          546    .text.USB_DevDisconnect  stm32f1xx_ll_usb.o
    0x08005b20   0x08005b20   0x0000001a   Code   RO          520    .text.USB_DevInit   stm32f1xx_ll_usb.o
    0x08005b3a   0x08005b3a   0x00000002   PAD
    0x08005b3c   0x08005b3c   0x00000014   Code   RO          516    .text.USB_DisableGlobalInt  stm32f1xx_ll_usb.o
    0x08005b50   0x08005b50   0x00000004   Code   RO          560    .text.USB_EP0_OutStart  stm32f1xx_ll_usb.o
    0x08005b54   0x08005b54   0x0000007e   Code   RO          536    .text.USB_EPClearStall  stm32f1xx_ll_usb.o
    0x08005bd2   0x08005bd2   0x00000002   PAD
    0x08005bd4   0x08005bd4   0x00000032   Code   RO          534    .text.USB_EPSetStall  stm32f1xx_ll_usb.o
    0x08005c06   0x08005c06   0x00000002   PAD
    0x08005c08   0x08005c08   0x00000644   Code   RO          530    .text.USB_EPStartXfer  stm32f1xx_ll_usb.o
    0x0800624c   0x0800624c   0x00000014   Code   RO          514    .text.USB_EnableGlobalInt  stm32f1xx_ll_usb.o
    0x08006260   0x08006260   0x00000010   Code   RO          224    .text.USB_HP_CAN1_TX_IRQHandler  stm32f1xx_it.o
    0x08006270   0x08006270   0x00000010   Code   RO          226    .text.USB_LP_CAN1_RX0_IRQHandler  stm32f1xx_it.o
    0x08006280   0x08006280   0x00000006   Code   RO          548    .text.USB_ReadInterrupts  stm32f1xx_ll_usb.o
    0x08006286   0x08006286   0x00000002   PAD
    0x08006288   0x08006288   0x00000032   Code   RO          566    .text.USB_ReadPMA   stm32f1xx_ll_usb.o
    0x080062ba   0x080062ba   0x00000002   PAD
    0x080062bc   0x080062bc   0x00000004   Code   RO          518    .text.USB_SetCurrentMode  stm32f1xx_ll_usb.o
    0x080062c0   0x080062c0   0x0000000e   Code   RO          542    .text.USB_SetDevAddress  stm32f1xx_ll_usb.o
    0x080062ce   0x080062ce   0x00000002   PAD
    0x080062d0   0x080062d0   0x0000002a   Code   RO          532    .text.USB_WritePMA  stm32f1xx_ll_usb.o
    0x080062fa   0x080062fa   0x00000002   PAD
    0x080062fc   0x080062fc   0x00000028   Code   RO          114    .text.UpdateACValues  osc_lib_c.o
    0x08006324   0x08006324   0x0000001a   Code   RO          116    .text.UpdateDCValues  osc_lib_c.o
    0x0800633e   0x0800633e   0x00000002   PAD
    0x08006340   0x08006340   0x00000030   Code   RO          110    .text.UpdateLCDStartAC  osc_lib_c.o
    0x08006370   0x08006370   0x0000001c   Code   RO          112    .text.UpdateLCDStartDC  osc_lib_c.o
    0x0800638c   0x0800638c   0x00000054   Code   RO          106    .text.UpdateLCDStopAC  osc_lib_c.o
    0x080063e0   0x080063e0   0x00000032   Code   RO          108    .text.UpdateLCDStopDC  osc_lib_c.o
    0x08006412   0x08006412   0x00000002   PAD
    0x08006414   0x08006414   0x0000005a   Code   RO           98    .text.UpdateRangeDisplay  osc_lib_c.o
    0x0800646e   0x0800646e   0x00000002   PAD
    0x08006470   0x08006470   0x00000002   Code   RO          212    .text.UsageFault_Handler  stm32f1xx_it.o
    0x08006472   0x08006472   0x00000002   PAD
    0x08006474   0x08006474   0x0000006c   Code   RO          134    .text.ValueDc       osc_lib_c.o
    0x080064e0   0x080064e0   0x00000054   Code   RO          142    .text.ValueFreq     osc_lib_c.o
    0x08006534   0x08006534   0x00000084   Code   RO          136    .text.ValueVac      osc_lib_c.o
    0x080065b8   0x080065b8   0x00000020   Code   RO          138    .text.ValueVpp      osc_lib_c.o
    0x080065d8   0x080065d8   0x00000010   Code   RO           17    .text.Write4Bits    i2c-lcd.o
    0x080065e8   0x080065e8   0x00000028   Code   RO          765    .text.__NVIC_DisableIRQ  stm32f1xx_hal_cortex.o
    0x08006610   0x08006610   0x00000020   Code   RO          761    .text.__NVIC_EnableIRQ  stm32f1xx_hal_cortex.o
    0x08006630   0x08006630   0x00000010   Code   RO          753    .text.__NVIC_GetPriorityGrouping  stm32f1xx_hal_cortex.o
    0x08006640   0x08006640   0x00000022   Code   RO          755    .text.__NVIC_SetPriority  stm32f1xx_hal_cortex.o
    0x08006662   0x08006662   0x00000002   PAD
    0x08006664   0x08006664   0x00000020   Code   RO          749    .text.__NVIC_SetPriorityGrouping  stm32f1xx_hal_cortex.o
    0x08006684   0x08006684   0x0000014a   Code   RO          159    .text.main          main.o
    0x080067ce   0x080067ce   0x00000002   PAD
    0x080067d0   0x080067d0   0x00000024   Code   RO          120    .text.performMode   osc_lib_c.o
    0x080067f4   0x080067f4   0x00000020   Code   RO           96    .text.performModeAc  osc_lib_c.o
    0x08006814   0x08006814   0x00000020   Code   RO          100    .text.performModeDc  osc_lib_c.o
    0x08006834   0x08006834   0x00000028   Code   RO          102    .text.performModeUnkown  osc_lib_c.o
    0x0800685c   0x0800685c   0x00000024   Code   RO          118    .text.performSetup  osc_lib_c.o
    0x08006880   0x08006880   0x00000024   Code   RO          122    .text.performStart  osc_lib_c.o
    0x080068a4   0x080068a4   0x00000024   Code   RO          124    .text.performStop   osc_lib_c.o
    0x080068c8   0x080068c8   0x00000024   Code   RO          126    .text.performUnkown  osc_lib_c.o
    0x080068ec   0x080068ec   0x0000003e   Code   RO         1860    CL$$btod_d2e        c_w.l(btod.o)
    0x0800692a   0x0800692a   0x00000046   Code   RO         1862    CL$$btod_d2e_denorm_low  c_w.l(btod.o)
    0x08006970   0x08006970   0x00000060   Code   RO         1861    CL$$btod_d2e_norm_op1  c_w.l(btod.o)
    0x080069d0   0x080069d0   0x00000338   Code   RO         1870    CL$$btod_div_common  c_w.l(btod.o)
    0x08006d08   0x08006d08   0x000000dc   Code   RO         1867    CL$$btod_e2e        c_w.l(btod.o)
    0x08006de4   0x08006de4   0x0000002a   Code   RO         1864    CL$$btod_ediv       c_w.l(btod.o)
    0x08006e0e   0x08006e0e   0x0000002a   Code   RO         1863    CL$$btod_emul       c_w.l(btod.o)
    0x08006e38   0x08006e38   0x00000244   Code   RO         1869    CL$$btod_mult_common  c_w.l(btod.o)
    0x0800707c   0x0800707c   0x00000028   Code   RO         1891    i.__ARM_fpclassify  m_ws.l(fpclassify.o)
    0x080070a4   0x080070a4   0x0000000e   Code   RO         1748    i._is_digit         c_w.l(__printf_wp.o)
    0x080070b2   0x080070b2   0x00000002   PAD
    0x080070b4   0x080070b4   0x0000002c   Code   RO         1885    locale$$code        c_w.l(lc_numeric_c.o)
    0x080070e0   0x080070e0   0x00000062   Code   RO         1766    x$fpl$d2f           fz_ws.l(d2f.o)
    0x08007142   0x08007142   0x00000002   PAD
    0x08007144   0x08007144   0x00000150   Code   RO         1768    x$fpl$dadd          fz_ws.l(daddsub_clz.o)
    0x08007294   0x08007294   0x000002b0   Code   RO         1775    x$fpl$ddiv          fz_ws.l(ddiv.o)
    0x08007544   0x08007544   0x00000026   Code   RO         1778    x$fpl$dfltu         fz_ws.l(dflt_clz.o)
    0x0800756a   0x0800756a   0x00000002   PAD
    0x0800756c   0x0800756c   0x00000154   Code   RO         1784    x$fpl$dmul          fz_ws.l(dmul.o)
    0x080076c0   0x080076c0   0x0000009c   Code   RO         1816    x$fpl$dnaninf       fz_ws.l(dnaninf.o)
    0x0800775c   0x0800775c   0x0000000c   Code   RO         1818    x$fpl$dretinf       fz_ws.l(dretinf.o)
    0x08007768   0x08007768   0x000001d4   Code   RO         1770    x$fpl$dsub          fz_ws.l(daddsub_clz.o)
    0x0800793c   0x0800793c   0x00000056   Code   RO         1786    x$fpl$f2d           fz_ws.l(f2d.o)
    0x08007992   0x08007992   0x00000002   PAD
    0x08007994   0x08007994   0x000000c4   Code   RO         1788    x$fpl$fadd          fz_ws.l(faddsub_clz.o)
    0x08007a58   0x08007a58   0x00000054   Code   RO         1794    x$fpl$fcmp          fz_ws.l(fcmp.o)
    0x08007aac   0x08007aac   0x00000018   Code   RO         1887    x$fpl$fcmpinf       fz_ws.l(fcmpi.o)
    0x08007ac4   0x08007ac4   0x00000068   Code   RO         1820    x$fpl$feqf          fz_ws.l(feqf.o)
    0x08007b2c   0x08007b2c   0x00000026   Code   RO         1796    x$fpl$ffltu         fz_ws.l(fflt_clz.o)
    0x08007b52   0x08007b52   0x00000002   PAD
    0x08007b54   0x08007b54   0x00000068   Code   RO         1822    x$fpl$fgeqf         fz_ws.l(fgeqf.o)
    0x08007bbc   0x08007bbc   0x00000068   Code   RO         1824    x$fpl$fleqf         fz_ws.l(fleqf.o)
    0x08007c24   0x08007c24   0x0000008c   Code   RO         1826    x$fpl$fnaninf       fz_ws.l(fnaninf.o)
    0x08007cb0   0x08007cb0   0x0000000a   Code   RO         1828    x$fpl$fretinf       fz_ws.l(fretinf.o)
    0x08007cba   0x08007cba   0x00000002   PAD
    0x08007cbc   0x08007cbc   0x000000ea   Code   RO         1790    x$fpl$fsub          fz_ws.l(faddsub_clz.o)
    0x08007da6   0x08007da6   0x00000004   Code   RO         1804    x$fpl$printf1       fz_ws.l(printf1.o)
    0x08007daa   0x08007daa   0x00000000   Code   RO         1830    x$fpl$usenofp       fz_ws.l(usenofp.o)
    0x08007daa   0x08007daa   0x00000002   PAD
    0x08007dac   0x08007dac   0x00000094   Data   RO         1858    .constdata          c_w.l(bigflt0.o)
    0x08007e40   0x08007e40   0x00000010   Data   RO         1571    .rodata.AHBPrescTable  system_stm32f1xx.o
    0x08007e50   0x08007e50   0x00000008   Data   RO         1572    .rodata.APBPrescTable  system_stm32f1xx.o
    0x08007e58   0x08007e58   0x00000038   Data   RO          144    .rodata.str1.1      osc_lib_c.o
    0x08007e90   0x08007e90   0x00000020   Data   RO         2043    Region$$Table       anon$$obj.o
    0x08007eb0   0x08007eb0   0x0000001c   Data   RO         1884    locale$$data        c_w.l(lc_numeric_c.o)


    Execution Region RW_IRAM1 (Exec base: 0x20000000, Load base: 0x08007ed0, Size: 0x00001be0, Max: 0x00005000, ABSOLUTE, COMPRESSED[0x000000d8])

    Exec Addr    Load Addr    Size         Type   Attr      Idx    E Section Name        Object

    0x20000000   COMPRESSED   0x0000001c   Data   RW          292    .data.FS_Desc       usbd_desc.o
    0x2000001c   COMPRESSED   0x00000004   Data   RW         1570    .data.SystemCoreClock  system_stm32f1xx.o
    0x20000020   COMPRESSED   0x00000038   Data   RW         1718    .data.USBD_CDC      usbd_cdc.o
    0x20000058   COMPRESSED   0x00000043   Data   RW         1720    .data.USBD_CDC_CfgFSDesc  usbd_cdc.o
    0x2000009b   COMPRESSED   0x00000001   PAD
    0x2000009c   COMPRESSED   0x00000043   Data   RW         1719    .data.USBD_CDC_CfgHSDesc  usbd_cdc.o
    0x200000df   COMPRESSED   0x00000001   PAD
    0x200000e0   COMPRESSED   0x0000000a   Data   RW         1722    .data.USBD_CDC_DeviceQualifierDesc  usbd_cdc.o
    0x200000ea   COMPRESSED   0x00000002   PAD
    0x200000ec   COMPRESSED   0x00000043   Data   RW         1721    .data.USBD_CDC_OtherSpeedCfgDesc  usbd_cdc.o
    0x2000012f   COMPRESSED   0x00000001   PAD
    0x20000130   COMPRESSED   0x00000012   Data   RW          293    .data.USBD_FS_DeviceDesc  usbd_desc.o
    0x20000142   COMPRESSED   0x00000002   PAD
    0x20000144   COMPRESSED   0x00000010   Data   RW          315    .data.USBD_Interface_fops_FS  usbd_cdc_if.o
    0x20000154   COMPRESSED   0x00000004   Data   RW          294    .data.USBD_LangIDDesc  usbd_desc.o
    0x20000158   COMPRESSED   0x0000001a   Data   RW          295    .data.USBD_StringSerial  usbd_desc.o
    0x20000172   COMPRESSED   0x00000002   PAD
    0x20000174   COMPRESSED   0x00000028   Data   RW          182    .data.VALUE         main.o
    0x2000019c   COMPRESSED   0x00000008   Data   RW           75    .data.special1      i2c-lcd.o
    0x200001a4   COMPRESSED   0x00000008   Data   RW           76    .data.special2      i2c-lcd.o
    0x200001ac   COMPRESSED   0x00000001   Data   RW          627    .data.uwTickFreq    stm32f1xx_hal.o
    0x200001ad   COMPRESSED   0x00000003   PAD
    0x200001b0   COMPRESSED   0x00000004   Data   RW          626    .data.uwTickPrio    stm32f1xx_hal.o
    0x200001b4   COMPRESSED   0x00000004   PAD
    0x200001b8        -       0x00000060   Zero   RW         1894    .bss                c_w.l(libspace.o)
    0x20000218        -       0x00000002   Zero   RW          181    .bss.FLAG           main.o
    0x2000021a        -       0x000007d0   Zero   RW          188    .bss.OSC_Buf        main.o
    0x200009ea   COMPRESSED   0x00000002   PAD
    0x200009ec        -       0x0000001c   Zero   RW          183    .bss.TEMP           main.o
    0x20000a08        -       0x00000001   Zero   RW         1657    .bss.USBD_SetConfig.cfgidx  usbd_ctlreq.o
    0x20000a09   COMPRESSED   0x00000003   PAD
    0x20000a0c        -       0x00000200   Zero   RW          296    .bss.USBD_StrDesc   usbd_desc.o
    0x20000c0c        -       0x00000220   Zero   RW          391    .bss.USBD_static_malloc.mem  usbd_conf.o
    0x20000e2c        -       0x00000040   Zero   RW          316    .bss.UserRxBufferFS  usbd_cdc_if.o
    0x20000e6c        -       0x00000040   Zero   RW          317    .bss.UserTxBufferFS  usbd_cdc_if.o
    0x20000eac        -       0x00000001   Zero   RW           78    .bss.dpBacklight    i2c-lcd.o
    0x20000ead        -       0x00000001   Zero   RW           80    .bss.dpControl      i2c-lcd.o
    0x20000eae        -       0x00000001   Zero   RW           79    .bss.dpFunction     i2c-lcd.o
    0x20000eaf        -       0x00000001   Zero   RW           81    .bss.dpMode         i2c-lcd.o
    0x20000eb0        -       0x00000001   Zero   RW           77    .bss.dpRows         i2c-lcd.o
    0x20000eb1   COMPRESSED   0x00000003   PAD
    0x20000eb4        -       0x000002c4   Zero   RW          267    .bss.hUsbDeviceFS   usb_device.o
    0x20001178        -       0x00000030   Zero   RW          192    .bss.hadc1          main.o
    0x200011a8        -       0x00000030   Zero   RW          189    .bss.hadc2          main.o
    0x200011d8        -       0x00000044   Zero   RW          193    .bss.hdma_adc1      main.o
    0x2000121c        -       0x00000054   Zero   RW          194    .bss.hi2c1          main.o
    0x20001270        -       0x000002d8   Zero   RW          390    .bss.hpcd_USB_FS    usbd_conf.o
    0x20001548        -       0x00000048   Zero   RW          190    .bss.htim2          main.o
    0x20001590        -       0x00000048   Zero   RW          191    .bss.htim3          main.o
    0x200015d8        -       0x00000001   Zero   RW          184    .bss.status         main.o
    0x200015d9   COMPRESSED   0x00000003   PAD
    0x200015dc        -       0x00000004   Zero   RW          628    .bss.uwTick         stm32f1xx_hal.o
    0x200015e0        -       0x00000200   Zero   RW            2    HEAP                startup_stm32f103xb.o
    0x200017e0        -       0x00000400   Zero   RW            1    STACK               startup_stm32f103xb.o


==============================================================================

Image component sizes


      Code (inc. data)   RO Data    RW Data    ZI Data      Debug   Object Name

       708         28          0         16          5       6491   i2c-lcd.o
      2062         66          0         40       2423      13054   main.o
      1776        132         56          0          0       6515   osc_lib_c.o
        64         26        236          0       1536        864   startup_stm32f103xb.o
       196          0          0          5          4       5805   stm32f1xx_hal.o
      1976          0          0          0          0      11075   stm32f1xx_hal_adc.o
       306          0          0          0          0       8414   stm32f1xx_hal_cortex.o
       738          0          0          0          0       7216   stm32f1xx_hal_dma.o
       586         20          0          0          0       4695   stm32f1xx_hal_gpio.o
      1472          0          0          0          0      39784   stm32f1xx_hal_i2c.o
       524          0          0          0          0       9210   stm32f1xx_hal_msp.o
      3066          0          0          0          0      15925   stm32f1xx_hal_pcd.o
        70          0          0          0          0       4139   stm32f1xx_hal_pcd_ex.o
      1374         20          0          0          0       7083   stm32f1xx_hal_rcc.o
       514         20          0          0          0       3569   stm32f1xx_hal_rcc_ex.o
      1266          8          0          0          0      41971   stm32f1xx_hal_tim.o
       122          0          0          0          0      17907   stm32f1xx_hal_tim_ex.o
       136          0          0          0          0       1943   stm32f1xx_it.o
      2798          4          0          0          0      15814   stm32f1xx_ll_usb.o
         2          0         24          4          0       1667   system_stm32f1xx.o
       110          0          0          0        708       2895   usb_device.o
       808          0          0        267          0      10133   usbd_cdc.o
       132          0          0         16        128       2581   usbd_cdc_if.o
       600          0          0          0       1272      14125   usbd_conf.o
       694          0          0          0          0       7075   usbd_core.o
      1308         24          0          0          1       8212   usbd_ctlreq.o
       322         72          0         76        512       3404   usbd_desc.o
       128          0          0          0          0       4350   usbd_ioreq.o

    ----------------------------------------------------------------------
     24124        420        348        436       6604     275916   Object Totals
         0          0         32          0          0          0   (incl. Generated)
       266          0          0         12         15          0   (incl. Padding)

    ----------------------------------------------------------------------

      Code (inc. data)   RO Data    RW Data    ZI Data      Debug   Library Member Name

        90          0          0          0          0          0   __dczerorl2.o
         8          0          0          0          0         68   __main.o
       284          0          0          0          0        156   __printf_wp.o
         0          0          0          0          0          0   __rtentry.o
        12          0          0          0          0          0   __rtentry2.o
         6          0          0          0          0          0   __rtentry4.o
        52          8          0          0          0          0   __scatter.o
        28          0          0          0          0          0   __scatter_zi.o
        48          6          0          0          0         96   _printf_char_common.o
         6          0          0          0          0          0   _printf_f.o
      1052          0          0          0          0        148   _printf_fp_dec.o
       128         16          0          0          0         84   _printf_fp_infnan.o
         0          0          0          0          0          0   _printf_percent.o
         4          0          0          0          0          0   _printf_percent_end.o
        10          0          0          0          0         68   _sputc.o
       228          4        148          0          0         96   bigflt0.o
      1936        128          0          0          0        672   btod.o
        18          0          0          0          0         80   exit.o
         6          0          0          0          0        152   heapauxi.o
         0          0          0          0          0          0   indicate_semi.o
        44         10         28          0          0         76   lc_numeric_c.o
         2          0          0          0          0          0   libinit.o
        18          0          0          0          0          0   libinit2.o
         2          0          0          0          0          0   libshutdown.o
         2          0          0          0          0          0   libshutdown2.o
         8          4          0          0         96         68   libspace.o
       138          0          0          0          0         80   lludiv10.o
        40          6          0          0          0         84   noretval__2sprintf.o
         8          4          0          0          0         68   rt_locale_intlibspace.o
        78          0          0          0          0         80   rt_memclr_w.o
         2          0          0          0          0          0   rtexit.o
        10          0          0          0          0          0   rtexit2.o
       128          0          0          0          0         68   strcmpv7m.o
        12          4          0          0          0         68   sys_exit.o
        74          0          0          0          0         80   sys_stackheap_outer.o
         2          0          0          0          0         68   use_no_semi.o
        98          4          0          0          0         92   d2f.o
       804         16          0          0          0        280   daddsub_clz.o
       688        140          0          0          0        216   ddiv.o
        38          0          0          0          0         68   dflt_clz.o
       340         12          0          0          0        104   dmul.o
       156          4          0          0          0         92   dnaninf.o
        12          0          0          0          0         68   dretinf.o
        86          4          0          0          0         84   f2d.o
       430          8          0          0          0        168   faddsub_clz.o
        84          0          0          0          0        196   fcmp.o
        24          0          0          0          0         68   fcmpi.o
       104          4          0          0          0         84   feqf.o
        38          0          0          0          0         68   fflt_clz.o
       104          4          0          0          0         84   fgeqf.o
       104          4          0          0          0         84   fleqf.o
       140          4          0          0          0         84   fnaninf.o
        10          0          0          0          0         68   fretinf.o
         4          0          0          0          0         68   printf1.o
         0          0          0          0          0          0   usenofp.o
        40          0          0          0          0         68   fpclassify.o

    ----------------------------------------------------------------------
      7812        394        176          0         96       4404   Library Totals
        24          0          0          0          0          0   (incl. Padding)

    ----------------------------------------------------------------------

      Code (inc. data)   RO Data    RW Data    ZI Data      Debug   Library Name

      4484        190        176          0         96       2360   c_w.l
      3264        204          0          0          0       1976   fz_ws.l
        40          0          0          0          0         68   m_ws.l

    ----------------------------------------------------------------------
      7812        394        176          0         96       4404   Library Totals

    ----------------------------------------------------------------------

==============================================================================


      Code (inc. data)   RO Data    RW Data    ZI Data      Debug   

     31936        814        524        436       6700     277612   Grand Totals
     31936        814        524        216       6700     277612   ELF Image Totals (compressed)
     31936        814        524        216          0          0   ROM Totals

==============================================================================

    Total RO  Size (Code + RO Data)                32460 (  31.70kB)
    Total RW  Size (RW Data + ZI Data)              7136 (   6.97kB)
    Total ROM Size (Code + RO Data + RW Data)      32676 (  31.91kB)

==============================================================================

